BL51 BANKED LINKER/LOCATER V6.22                                                        11/10/2013  19:27:04  PAGE 1


BL51 BANKED LINKER/LOCATER V6.22, INVOKED BY:
E:\软件\KEIL C51 V9.00(推荐使用最新)\C51\BIN\BL51.EXE STARTUP.obj, main.obj, tftm.obj, 9325TP.obj TO supremacy RAMSIZE (
>> 256)


MEMORY MODEL: SMALL WITH FLOATING POINT ARITHMETIC


INPUT MODULES INCLUDED:
  STARTUP.obj (?C_STARTUP)
  main.obj (MAIN)
  tftm.obj (TFTM)
  9325TP.obj (9325TP)
  E:\软件\KEIL C51 V9.00(推荐使用最新)\C51\LIB\C51FPS.LIB (?C?FPADD)
  E:\软件\KEIL C51 V9.00(推荐使用最新)\C51\LIB\C51FPS.LIB (?C?FPMUL)
  E:\软件\KEIL C51 V9.00(推荐使用最新)\C51\LIB\C51FPS.LIB (?C?FPDIV)
  E:\软件\KEIL C51 V9.00(推荐使用最新)\C51\LIB\C51FPS.LIB (?C?FPCMP)
  E:\软件\KEIL C51 V9.00(推荐使用最新)\C51\LIB\C51FPS.LIB (?C?FPNEG)
  E:\软件\KEIL C51 V9.00(推荐使用最新)\C51\LIB\C51FPS.LIB (?C?FCAST)
  E:\软件\KEIL C51 V9.00(推荐使用最新)\C51\LIB\C51FPS.LIB (?C?CASTF)
  E:\软件\KEIL C51 V9.00(推荐使用最新)\C51\LIB\C51FPS.LIB (LOG)
  E:\软件\KEIL C51 V9.00(推荐使用最新)\C51\LIB\C51FPS.LIB (?C?FPGETOPN)
  E:\软件\KEIL C51 V9.00(推荐使用最新)\C51\LIB\C51FPS.LIB (?C?FPSERIES)
  E:\软件\KEIL C51 V9.00(推荐使用最新)\C51\LIB\C51S.LIB (?C_INIT)
  E:\软件\KEIL C51 V9.00(推荐使用最新)\C51\LIB\C51S.LIB (?C?CLDPTR)
  E:\软件\KEIL C51 V9.00(推荐使用最新)\C51\LIB\C51S.LIB (?C?IMUL)
  E:\软件\KEIL C51 V9.00(推荐使用最新)\C51\LIB\C51S.LIB (?C?SIDIV)
  E:\软件\KEIL C51 V9.00(推荐使用最新)\C51\LIB\C51S.LIB (?C?LNEG)
  E:\软件\KEIL C51 V9.00(推荐使用最新)\C51\LIB\C51S.LIB (?C?LLDCODE)
  E:\软件\KEIL C51 V9.00(推荐使用最新)\C51\LIB\C51S.LIB (?C?LLDCODE0)
  E:\软件\KEIL C51 V9.00(推荐使用最新)\C51\LIB\C51S.LIB (?C?UIDIV)


LINK MAP OF MODULE:  supremacy (?C_STARTUP)


            TYPE    BASE      LENGTH    RELOCATION   SEGMENT NAME
            -----------------------------------------------------

            * * * * * * *   D A T A   M E M O R Y   * * * * * * *
            REG     0000H     0008H     ABSOLUTE     "REG BANK 0"
            DATA    0008H     0015H     UNIT         ?DT?MAIN
                    001DH     0003H                  *** GAP ***
            BIT     0020H.0   0000H.1   UNIT         _BIT_GROUP_
                    0020H.1   0000H.7                *** GAP ***
            DATA    0021H     0046H     UNIT         _DATA_GROUP_
            IDATA   0067H     0001H     UNIT         ?STACK

            * * * * * * *   C O D E   M E M O R Y   * * * * * * *
            CODE    0000H     0003H     ABSOLUTE     
            CODE    0003H     0800H     UNIT         ?CO?9325TP
            CODE    0803H     050CH     UNIT         ?C?LIB_CODE
            CODE    0D0FH     0286H     UNIT         ?PR?_LINE?9325TP
            CODE    0F95H     024EH     UNIT         ?PR?_PRINTCURVE?TFTM
            CODE    11E3H     0245H     UNIT         ?PR?_PRINTTYPE?TFTM
            CODE    1428H     0230H     UNIT         ?PR?COORDINATE?TFTM
            CODE    1658H     01BDH     UNIT         ?PR?ILI9325_INITIAL?9325TP
            CODE    1815H     013FH     UNIT         ?PR?SHOWCHART?MAIN
BL51 BANKED LINKER/LOCATER V6.22                                                      11/10/2013  19:27:04  PAGE 2


            CODE    1954H     0135H     UNIT         ?PR?LOG?LOG
            CODE    1A89H     010DH     UNIT         ?PR?_SETX9313_10?MAIN
            CODE    1B96H     0104H     UNIT         ?PR?_SETX9313_1?MAIN
            CODE    1C9AH     009FH     UNIT         ?PR?GETIC?MAIN
            CODE    1D39H     009EH     UNIT         ?CO?TFTM
            CODE    1DD7H     0093H     UNIT         ?PR?_PRINTCHIP?TFTM
            CODE    1E6AH     008FH     UNIT         ?PR?_LCD_PUTCHAR8X16?9325TP
            CODE    1EF9H     008DH     UNIT         ?PR?_SB?TFTM
            CODE    1F86H     008CH     UNIT         ?C_C51STARTUP
            CODE    2012H     007DH     UNIT         ?PR?_SBC?TFTM
            CODE    208FH     0077H     UNIT         ?PR?_CHANGEX9313_10?MAIN
            CODE    2106H     0066H     UNIT         ?PR?_GETVOLTAD7895?MAIN
            CODE    216CH     005DH     UNIT         ?PR?_CHANGEX9313_1?MAIN
            CODE    21C9H     0057H     UNIT         ?PR?WAIT?TFTM
            CODE    2220H     0056H     UNIT         ?PR?_LCD_PUTSTRING?9325TP
            CODE    2276H     0052H     UNIT         ?PR?_DELAY_MS?TFTM
            CODE    22C8H     0051H     UNIT         ?PR?GETUCE?MAIN
            CODE    2319H     004BH     UNIT         ?PR?JUDGENPN?MAIN
            CODE    2364H     0049H     UNIT         ?PR?_CLR_SCREEN?9325TP
            CODE    23ADH     0049H     UNIT         ?PR?_LCD_SETPOS?9325TP
            CODE    23F6H     003FH     UNIT         ?PR?_OTPT?TFTM
            CODE    2435H     0039H     UNIT         ?PR?JUDGE74?MAIN
            CODE    246EH     0036H     UNIT         ?PR?MAIN?MAIN
            CODE    24A4H     002DH     UNIT         ?PR?_DELAY_10?MAIN
            CODE    24D1H     002DH     UNIT         ?PR?_DELAY_1?MAIN
            CODE    24FEH     002CH     UNIT         ?PR?_PUT_PIXEL?9325TP
            CODE    252AH     0029H     UNIT         ?PR?READAD7895?MAIN
            CODE    2553H     0020H     UNIT         ?PR?_DELAYMS?9325TP
            CODE    2573H     001CH     UNIT         ?PR?CONVERTAD7895?MAIN
            CODE    258FH     0019H     UNIT         ?PR?_WRITE_CMD_DATA?9325TP
            CODE    25A8H     0017H     UNIT         ?PR?INIT?MAIN
            CODE    25BFH     0014H     UNIT         ?CO?MAIN
            CODE    25D3H     0013H     UNIT         ?PR?_WRITE_CMD?9325TP
            CODE    25E6H     0013H     UNIT         ?PR?_WRITE_DATA?9325TP
            CODE    25F9H     0010H     UNIT         ?PR?INITX9313_10?MAIN
            CODE    2609H     0010H     UNIT         ?PR?INITX9313_1?MAIN
            CODE    2619H     000CH     UNIT         ?PR?INIOTP?TFTM
            CODE    2625H     000BH     UNIT         ?PR?_DELAYMAIN?MAIN
            CODE    2630H     0009H     UNIT         ?PR?DELAY74?MAIN
            CODE    2639H     0009H     UNIT         ?PR?INIT74?MAIN
            CODE    2642H     0009H     UNIT         ?PR?_WRITE_DATA_U16?9325TP
            CODE    264BH     0007H     UNIT         ?PR?INITAD7895?MAIN
            CODE    2652H     0004H     UNIT         ?C_INITSEG



OVERLAY MAP OF MODULE:   supremacy (?C_STARTUP)


SEGMENT                                BIT_GROUP          DATA_GROUP 
  +--> CALLED SEGMENT               START    LENGTH     START    LENGTH
-----------------------------------------------------------------------
?C_C51STARTUP                       -----    -----      -----    -----
  +--> ?PR?MAIN?MAIN
  +--> ?C_INITSEG

?PR?MAIN?MAIN                       -----    -----      -----    -----
BL51 BANKED LINKER/LOCATER V6.22                                                      11/10/2013  19:27:04  PAGE 3


  +--> ?PR?INIT?MAIN
  +--> ?PR?WAIT?TFTM
  +--> ?PR?_DELAYMAIN?MAIN
  +--> ?PR?JUDGENPN?MAIN
  +--> ?PR?SHOWCHART?MAIN
  +--> ?PR?JUDGE74?MAIN
  +--> ?PR?_PRINTCHIP?TFTM

?PR?INIT?MAIN                       -----    -----      -----    -----
  +--> ?PR?ILI9325_INITIAL?9325TP
  +--> ?PR?INIT74?MAIN
  +--> ?PR?INITAD7895?MAIN
  +--> ?PR?INITX9313_10?MAIN
  +--> ?PR?INITX9313_1?MAIN

?PR?ILI9325_INITIAL?9325TP          -----    -----      -----    -----
  +--> ?PR?_DELAYMS?9325TP
  +--> ?PR?_WRITE_CMD_DATA?9325TP

?PR?_WRITE_CMD_DATA?9325TP          -----    -----      0065H    0002H
  +--> ?PR?_WRITE_CMD?9325TP
  +--> ?PR?_WRITE_DATA?9325TP

?PR?INIT74?MAIN                     -----    -----      -----    -----
  +--> ?PR?DELAY74?MAIN

?PR?INITX9313_10?MAIN               -----    -----      -----    -----
  +--> ?PR?_CHANGEX9313_10?MAIN

?PR?_CHANGEX9313_10?MAIN            -----    -----      -----    -----
  +--> ?PR?_DELAY_10?MAIN

?PR?INITX9313_1?MAIN                -----    -----      -----    -----
  +--> ?PR?_CHANGEX9313_1?MAIN

?PR?_CHANGEX9313_1?MAIN             -----    -----      -----    -----
  +--> ?PR?_DELAY_1?MAIN

?PR?WAIT?TFTM                       -----    -----      -----    -----
  +--> ?CO?TFTM
  +--> ?PR?_LCD_PUTSTRING?9325TP

?PR?_LCD_PUTSTRING?9325TP           -----    -----      003DH    000CH
  +--> ?PR?_LCD_PUTCHAR8X16?9325TP

?PR?_LCD_PUTCHAR8X16?9325TP         -----    -----      0049H    000EH
  +--> ?PR?_LCD_SETPOS?9325TP
  +--> ?CO?9325TP
  +--> ?PR?_WRITE_DATA_U16?9325TP

?PR?_LCD_SETPOS?9325TP              -----    -----      005DH    0008H
  +--> ?PR?_WRITE_CMD_DATA?9325TP
  +--> ?PR?_WRITE_CMD?9325TP

?PR?_WRITE_DATA_U16?9325TP          -----    -----      -----    -----
  +--> ?PR?_WRITE_DATA?9325TP

BL51 BANKED LINKER/LOCATER V6.22                                                      11/10/2013  19:27:04  PAGE 4


?PR?JUDGENPN?MAIN                   -----    -----      -----    -----
  +--> ?PR?_SETX9313_1?MAIN
  +--> ?CO?MAIN
  +--> ?PR?_SETX9313_10?MAIN
  +--> ?PR?GETUCE?MAIN
  +--> ?PR?_DELAYMAIN?MAIN
  +--> ?PR?INITX9313_10?MAIN

?PR?_SETX9313_1?MAIN                -----    -----      002DH    0002H
  +--> ?PR?_CHANGEX9313_1?MAIN

?PR?_SETX9313_10?MAIN               -----    -----      002DH    0002H
  +--> ?PR?_CHANGEX9313_10?MAIN

?PR?GETUCE?MAIN                     -----    -----      -----    -----
  +--> ?PR?CONVERTAD7895?MAIN
  +--> ?PR?READAD7895?MAIN
  +--> ?PR?_GETVOLTAD7895?MAIN

?PR?_GETVOLTAD7895?MAIN             -----    -----      002DH    0006H

?PR?SHOWCHART?MAIN                  -----    -----      0021H    000CH
  +--> ?PR?COORDINATE?TFTM
  +--> ?PR?INITX9313_1?MAIN
  +--> ?PR?_SETX9313_1?MAIN
  +--> ?PR?INITX9313_10?MAIN
  +--> ?CO?MAIN
  +--> ?PR?_SETX9313_10?MAIN
  +--> ?PR?_DELAYMAIN?MAIN
  +--> ?PR?GETUCE?MAIN
  +--> ?PR?GETIC?MAIN
  +--> ?PR?_PRINTCURVE?TFTM
  +--> ?PR?_PRINTTYPE?TFTM

?PR?COORDINATE?TFTM                 -----    -----      002DH    0002H
  +--> ?PR?_CLR_SCREEN?9325TP
  +--> ?PR?_LINE?9325TP
  +--> ?PR?_LCD_PUTCHAR8X16?9325TP
  +--> ?CO?TFTM
  +--> ?PR?_LCD_PUTSTRING?9325TP
  +--> ?PR?_PUT_PIXEL?9325TP

?PR?_CLR_SCREEN?9325TP              -----    -----      002FH    0006H
  +--> ?PR?_LCD_SETPOS?9325TP
  +--> ?PR?_WRITE_DATA_U16?9325TP

?PR?_LINE?9325TP                    -----    -----      0037H    0024H
  +--> ?PR?_PUT_PIXEL?9325TP

?PR?_PUT_PIXEL?9325TP               -----    -----      005BH    0002H
  +--> ?PR?_LCD_SETPOS?9325TP
  +--> ?PR?_WRITE_DATA_U16?9325TP

?PR?_PRINTCURVE?TFTM                -----    -----      002DH    000AH
  +--> ?PR?LOG?LOG
  +--> ?PR?_LINE?9325TP
  +--> ?CO?TFTM
BL51 BANKED LINKER/LOCATER V6.22                                                      11/10/2013  19:27:04  PAGE 5


  +--> ?PR?_LCD_PUTSTRING?9325TP

?PR?LOG?LOG                         0020H.0  0000H.1    0037H    0004H

?PR?_PRINTTYPE?TFTM                 -----    -----      002DH    0010H
  +--> ?CO?TFTM
  +--> ?PR?_LCD_PUTSTRING?9325TP
  +--> ?PR?_SB?TFTM
  +--> ?PR?_OTPT?TFTM
  +--> ?PR?_DELAY_MS?TFTM
  +--> ?PR?INIOTP?TFTM

?PR?_SB?TFTM                        -----    -----      003DH    0006H
  +--> ?PR?INIOTP?TFTM
  +--> ?PR?_OTPT?TFTM
  +--> ?PR?_DELAY_MS?TFTM

?PR?INIOTP?TFTM                     -----    -----      -----    -----
  +--> ?PR?_DELAY_MS?TFTM

?PR?_DELAY_MS?TFTM                  -----    -----      -----    -----
  +--> ?PR?_OTPT?TFTM

?PR?JUDGE74?MAIN                    -----    -----      -----    -----
  +--> ?PR?DELAY74?MAIN

?PR?_PRINTCHIP?TFTM                 -----    -----      0021H    0002H
  +--> ?PR?_CLR_SCREEN?9325TP
  +--> ?CO?TFTM
  +--> ?PR?_LCD_PUTSTRING?9325TP
  +--> ?PR?_SBC?TFTM
  +--> ?PR?INIOTP?TFTM

?PR?_SBC?TFTM                       -----    -----      -----    -----
  +--> ?PR?_DELAY_MS?TFTM
  +--> ?PR?_OTPT?TFTM
  +--> ?PR?INIOTP?TFTM



SYMBOL TABLE OF MODULE:  supremacy (?C_STARTUP)

  VALUE           TYPE          NAME
  ----------------------------------

  -------         MODULE        ?C_STARTUP
  C:1F86H         SEGMENT       ?C_C51STARTUP
  I:0067H         SEGMENT       ?STACK
  C:0000H         PUBLIC        ?C_STARTUP
  D:00E0H         SYMBOL        ACC
  D:00F0H         SYMBOL        B
  D:0083H         SYMBOL        DPH
  D:0082H         SYMBOL        DPL
  N:0000H         SYMBOL        IBPSTACK
  N:0100H         SYMBOL        IBPSTACKTOP
  N:0080H         SYMBOL        IDATALEN
  C:1F89H         SYMBOL        IDATALOOP
BL51 BANKED LINKER/LOCATER V6.22                                                      11/10/2013  19:27:04  PAGE 6


  N:0000H         SYMBOL        PBPSTACK
  N:0100H         SYMBOL        PBPSTACKTOP
  N:0000H         SYMBOL        PDATALEN
  N:0000H         SYMBOL        PDATASTART
  N:0000H         SYMBOL        PPAGE
  N:0000H         SYMBOL        PPAGEENABLE
  D:00A0H         SYMBOL        PPAGE_SFR
  D:0081H         SYMBOL        SP
  C:1F86H         SYMBOL        STARTUP1
  N:0000H         SYMBOL        XBPSTACK
  N:0000H         SYMBOL        XBPSTACKTOP
  N:0000H         SYMBOL        XDATALEN
  N:0000H         SYMBOL        XDATASTART
  C:0000H         LINE#         126
  C:1F86H         LINE#         133
  C:1F88H         LINE#         134
  C:1F89H         LINE#         135
  C:1F8AH         LINE#         136
  C:1F8CH         LINE#         185
  C:1F8FH         LINE#         196
  -------         ENDMOD        ?C_STARTUP

  -------         MODULE        MAIN
  C:0000H         SYMBOL        _ICE_DUMMY_
  C:2319H         PUBLIC        judgeNPN
  D:0090H         PUBLIC        P1
  D:0008H         PUBLIC        curVal_1
  D:00A0H         PUBLIC        P2
  C:252AH         PUBLIC        readAD7895
  D:00B0H         PUBLIC        P3
  B:0090H.5       PUBLIC        cs1
  C:1B96H         PUBLIC        _Setx9313_1
  B:00B0H.4       PUBLIC        cs2
  B:00B0H.6       PUBLIC        io1
  B:0090H.3       PUBLIC        ud1
  B:00B0H.5       PUBLIC        io2
  B:00B0H.2       PUBLIC        ud2
  B:00A0H.7       PUBLIC        io3
  D:000AH         PUBLIC        f_volt
  D:00A8H         PUBLIC        IE
  B:00B0H.0       PUBLIC        sdata
  C:2609H         PUBLIC        initx9313_1
  D:00B8H         PUBLIC        IP
  D:000EH         PUBLIC        s_volt
  C:264BH         PUBLIC        initAD7895
  B:0090H.1       PUBLIC        inc10
  D:0010H         PUBLIC        beta
  B:0090H.6       PUBLIC        convst
  C:2639H         PUBLIC        init74
  C:24D1H         PUBLIC        _delay_1
  C:216CH         PUBLIC        _Changex9313_1
  C:246EH         PUBLIC        main
  B:00B0H.1       PUBLIC        sclk
  D:0012H         PUBLIC        curVal_10
  C:25BFH         PUBLIC        Rb
  D:0098H         PUBLIC        SCON
  D:0088H         PUBLIC        TCON
BL51 BANKED LINKER/LOCATER V6.22                                                      11/10/2013  19:27:04  PAGE 7


  C:25A8H         PUBLIC        init
  B:0090H.2       PUBLIC        cs10
  C:1815H         PUBLIC        showChart
  C:1A90H         PUBLIC        _Setx9313_10
  C:2625H         PUBLIC        _delaymain
  B:0090H.0       PUBLIC        ud10
  C:25F9H         PUBLIC        initx9313_10
  B:0090H.7       PUBLIC        busy
  D:0014H         PUBLIC        isNPN
  B:00A0H.6       PUBLIC        key
  C:24A4H         PUBLIC        _delay_10
  C:208FH         PUBLIC        _Changex9313_10
  C:22C8H         PUBLIC        getUce
  B:00B0H.7       PUBLIC        relaycon
  C:25C9H         PUBLIC        Rb2
  D:00C8H         PUBLIC        T2CON
  D:0015H         PUBLIC        curUce
  C:2573H         PUBLIC        convertAD7895
  B:0090H.4       PUBLIC        inc1
  B:00B0H.3       PUBLIC        inc2
  C:1C9AH         PUBLIC        getIc
  C:2106H         PUBLIC        _getvoltAD7895
  D:0019H         PUBLIC        curIc
  D:00D0H         PUBLIC        PSW
  C:2435H         PUBLIC        judge74
  C:2630H         PUBLIC        delay74
  -------         PROC          DELAY74
  -------         DO            
  D:0007H         SYMBOL        ch
  -------         ENDDO         
  C:2630H         LINE#         9
  C:2630H         LINE#         10
  C:2630H         LINE#         11
  C:2632H         LINE#         12
  C:2638H         LINE#         13
  -------         ENDPROC       DELAY74
  -------         PROC          INIT74
  C:2639H         LINE#         14
  C:2639H         LINE#         15
  C:2639H         LINE#         16
  C:263BH         LINE#         17
  C:263DH         LINE#         18
  C:263FH         LINE#         19
  -------         ENDPROC       INIT74
  -------         PROC          JUDGE74
  C:2435H         LINE#         21
  C:2435H         LINE#         22
  C:2435H         LINE#         23
  C:2437H         LINE#         24
  C:243AH         LINE#         25
  C:243AH         LINE#         27
  C:243FH         LINE#         28
  C:243FH         LINE#         29
  C:2442H         LINE#         30
  C:2442H         LINE#         32
  C:2446H         LINE#         33
  C:2446H         LINE#         34
BL51 BANKED LINKER/LOCATER V6.22                                                      11/10/2013  19:27:04  PAGE 8


  C:2448H         LINE#         35
  C:244BH         LINE#         36
  C:244EH         LINE#         37
  C:244EH         LINE#         38
  C:2450H         LINE#         39
  C:2453H         LINE#         40
  C:2458H         LINE#         41
  C:2458H         LINE#         43
  C:245BH         LINE#         44
  C:245BH         LINE#         46
  C:245BH         LINE#         48
  C:245EH         LINE#         49
  C:245EH         LINE#         51
  C:245EH         LINE#         52
  C:2460H         LINE#         53
  C:2463H         LINE#         54
  C:2468H         LINE#         55
  C:2468H         LINE#         57
  C:246BH         LINE#         58
  C:246BH         LINE#         60
  C:246BH         LINE#         62
  C:246DH         LINE#         63
  C:246DH         LINE#         64
  -------         ENDPROC       JUDGE74
  -------         PROC          _DELAY_10
  D:0006H         SYMBOL        t
  -------         DO            
  D:0004H         SYMBOL        a
  D:0002H         SYMBOL        b
  -------         ENDDO         
  C:24A4H         LINE#         19
  C:24A4H         LINE#         20
  C:24A4H         LINE#         22
  C:24B3H         LINE#         23
  C:24D0H         LINE#         24
  -------         ENDPROC       _DELAY_10
  -------         PROC          _CHANGEX9313_10
  D:0002H         SYMBOL        offset
  D:0005H         SYMBOL        flag
  D:0003H         SYMBOL        store
  -------         DO            
  D:0001H         SYMBOL        i
  -------         ENDDO         
  C:208FH         LINE#         25
  C:2091H         LINE#         26
  C:2091H         LINE#         28
  C:2093H         LINE#         29
  C:2095H         LINE#         30
  C:2097H         LINE#         31
  C:2099H         LINE#         32
  C:209CH         LINE#         33
  C:209CH         LINE#         34
  C:209EH         LINE#         35
  C:20A0H         LINE#         36
  C:20B5H         LINE#         37
  C:20B7H         LINE#         39
  C:20B7H         LINE#         40
BL51 BANKED LINKER/LOCATER V6.22                                                      11/10/2013  19:27:04  PAGE 9


  C:20B9H         LINE#         41
  C:20BBH         LINE#         42
  C:20D1H         LINE#         43
  C:20D1H         LINE#         44
  C:20D3H         LINE#         45
  C:20D5H         LINE#         46
  C:20DDH         LINE#         47
  C:20DDH         LINE#         48
  C:20DEH         LINE#         49
  C:20DFH         LINE#         50
  C:20E1H         LINE#         51
  C:20E3H         LINE#         52
  C:20E4H         LINE#         53
  C:20E5H         LINE#         54
  C:20E7H         LINE#         55
  C:20E9H         LINE#         56
  C:20ECH         LINE#         57
  C:20EFH         LINE#         58
  C:20EFH         LINE#         59
  C:20F0H         LINE#         60
  C:20F1H         LINE#         61
  C:20F3H         LINE#         62
  C:20F5H         LINE#         63
  C:20F5H         LINE#         64
  C:20F6H         LINE#         65
  C:20F7H         LINE#         66
  C:20F9H         LINE#         67
  C:20FBH         LINE#         68
  C:20FEH         LINE#         69
  C:2105H         LINE#         70
  -------         ENDPROC       _CHANGEX9313_10
  C:1A89H         SYMBOL        L?0143
  -------         PROC          L?0142
  -------         ENDPROC       L?0142
  C:1A89H         SYMBOL        L?0143
  -------         PROC          _SETX9313_10
  D:002DH         SYMBOL        r
  -------         DO            
  D:0004H         SYMBOL        i
  -------         ENDDO         
  C:1A90H         LINE#         72
  C:1A94H         LINE#         73
  C:1A94H         LINE#         74
  C:1A97H         LINE#         75
  C:1AA8H         LINE#         76
  C:1AA8H         LINE#         77
  C:1AB9H         LINE#         78
  C:1AB9H         LINE#         79
  C:1AC5H         LINE#         80
  C:1ACAH         LINE#         81
  C:1ACCH         LINE#         82
  C:1AF5H         LINE#         83
  C:1AF5H         LINE#         84
  C:1B01H         LINE#         85
  C:1B06H         LINE#         86
  C:1B06H         LINE#         87
  C:1B0DH         LINE#         88
BL51 BANKED LINKER/LOCATER V6.22                                                      11/10/2013  19:27:04  PAGE 10


  C:1B13H         LINE#         89
  C:1B15H         LINE#         90
  C:1B26H         LINE#         91
  C:1B26H         LINE#         92
  C:1B37H         LINE#         93
  C:1B37H         LINE#         94
  C:1B43H         LINE#         95
  C:1B48H         LINE#         96
  C:1B4AH         LINE#         97
  C:1B73H         LINE#         98
  C:1B73H         LINE#         99
  C:1B7FH         LINE#         100
  C:1B84H         LINE#         101
  C:1B84H         LINE#         102
  C:1B88H         LINE#         103
  C:1B91H         LINE#         104
  C:1B91H         LINE#         105
  C:1B95H         LINE#         106
  -------         ENDPROC       _SETX9313_10
  -------         PROC          INITX9313_10
  C:25F9H         LINE#         107
  C:25F9H         LINE#         108
  C:25F9H         LINE#         109
  C:2602H         LINE#         111
  C:2608H         LINE#         113
  -------         ENDPROC       INITX9313_10
  -------         PROC          _DELAY_1
  D:0006H         SYMBOL        t
  -------         DO            
  D:0004H         SYMBOL        a
  D:0002H         SYMBOL        b
  -------         ENDDO         
  C:24D1H         LINE#         16
  C:24D1H         LINE#         17
  C:24D1H         LINE#         19
  C:24E0H         LINE#         20
  C:24FDH         LINE#         21
  -------         ENDPROC       _DELAY_1
  -------         PROC          _CHANGEX9313_1
  D:0004H         SYMBOL        offset
  D:0005H         SYMBOL        flag
  D:0003H         SYMBOL        store
  -------         DO            
  D:0001H         SYMBOL        i
  -------         ENDDO         
  C:216CH         LINE#         23
  C:216EH         LINE#         24
  C:216EH         LINE#         26
  C:2170H         LINE#         27
  C:2172H         LINE#         28
  C:2175H         LINE#         29
  C:2175H         LINE#         30
  C:2177H         LINE#         31
  C:2187H         LINE#         32
  C:2189H         LINE#         34
  C:2189H         LINE#         35
  C:218BH         LINE#         36
BL51 BANKED LINKER/LOCATER V6.22                                                      11/10/2013  19:27:04  PAGE 11


  C:219EH         LINE#         37
  C:219EH         LINE#         38
  C:21A0H         LINE#         39
  C:21A8H         LINE#         40
  C:21A8H         LINE#         41
  C:21A9H         LINE#         42
  C:21AAH         LINE#         43
  C:21ACH         LINE#         44
  C:21ADH         LINE#         45
  C:21AEH         LINE#         46
  C:21B0H         LINE#         47
  C:21B3H         LINE#         48
  C:21B6H         LINE#         49
  C:21B6H         LINE#         50
  C:21B7H         LINE#         51
  C:21B8H         LINE#         52
  C:21BAH         LINE#         53
  C:21BAH         LINE#         54
  C:21BBH         LINE#         55
  C:21BCH         LINE#         56
  C:21BEH         LINE#         57
  C:21C1H         LINE#         58
  C:21C8H         LINE#         59
  -------         ENDPROC       _CHANGEX9313_1
  -------         PROC          INITX9313_1
  C:2609H         LINE#         60
  C:2609H         LINE#         61
  C:2609H         LINE#         62
  C:2612H         LINE#         63
  C:2618H         LINE#         64
  -------         ENDPROC       INITX9313_1
  -------         PROC          _SETX9313_1
  D:002DH         SYMBOL        r
  -------         DO            
  D:0004H         SYMBOL        i
  -------         ENDDO         
  C:1B96H         LINE#         65
  C:1B9AH         LINE#         66
  C:1B9AH         LINE#         67
  C:1B9DH         LINE#         68
  C:1BAEH         LINE#         69
  C:1BAEH         LINE#         70
  C:1BBFH         LINE#         71
  C:1BBFH         LINE#         72
  C:1BCAH         LINE#         73
  C:1BCFH         LINE#         74
  C:1BD1H         LINE#         75
  C:1BFAH         LINE#         76
  C:1BFAH         LINE#         77
  C:1C06H         LINE#         78
  C:1C0BH         LINE#         79
  C:1C0BH         LINE#         80
  C:1C12H         LINE#         81
  C:1C18H         LINE#         82
  C:1C1AH         LINE#         83
  C:1C2BH         LINE#         84
  C:1C2BH         LINE#         85
BL51 BANKED LINKER/LOCATER V6.22                                                      11/10/2013  19:27:04  PAGE 12


  C:1C3CH         LINE#         86
  C:1C3CH         LINE#         87
  C:1C48H         LINE#         88
  C:1C4DH         LINE#         89
  C:1C4FH         LINE#         90
  C:1C78H         LINE#         91
  C:1C78H         LINE#         92
  C:1C83H         LINE#         93
  C:1C88H         LINE#         94
  C:1C88H         LINE#         95
  C:1C8CH         LINE#         96
  C:1C95H         LINE#         97
  C:1C95H         LINE#         98
  C:1C99H         LINE#         99
  -------         ENDPROC       _SETX9313_1
  -------         PROC          INITAD7895
  C:264BH         LINE#         13
  C:264BH         LINE#         14
  C:264BH         LINE#         15
  C:264DH         LINE#         16
  C:264FH         LINE#         17
  C:2651H         LINE#         18
  -------         ENDPROC       INITAD7895
  -------         PROC          CONVERTAD7895
  -------         DO            
  D:0006H         SYMBOL        i
  -------         ENDDO         
  C:2573H         LINE#         20
  C:2573H         LINE#         21
  C:2577H         LINE#         22
  C:2579H         LINE#         23
  C:257AH         LINE#         24
  C:257BH         LINE#         25
  C:257CH         LINE#         26
  C:257DH         LINE#         27
  C:257FH         LINE#         28
  C:258BH         LINE#         29
  C:258CH         LINE#         30
  C:258DH         LINE#         31
  C:258EH         LINE#         32
  -------         ENDPROC       CONVERTAD7895
  -------         PROC          READAD7895
  -------         DO            
  D:0006H         SYMBOL        dat
  D:0005H         SYMBOL        i
  -------         ENDDO         
  C:252AH         LINE#         33
  C:252AH         LINE#         34
  C:252AH         LINE#         35
  C:252DH         LINE#         37
  C:252EH         LINE#         38
  C:252EH         LINE#         39
  C:2535H         LINE#         40
  C:2537H         LINE#         41
  C:2538H         LINE#         42
  C:2539H         LINE#         43
  C:253BH         LINE#         44
BL51 BANKED LINKER/LOCATER V6.22                                                      11/10/2013  19:27:04  PAGE 13


  C:253CH         LINE#         45
  C:253DH         LINE#         46
  C:2545H         LINE#         47
  C:2549H         LINE#         48
  C:2551H         LINE#         49
  C:2552H         LINE#         50
  C:2552H         LINE#         51
  -------         ENDPROC       READAD7895
  -------         PROC          _GETVOLTAD7895
  D:002DH         SYMBOL        dat
  -------         DO            
  D:002FH         SYMBOL        volt
  -------         ENDDO         
  C:2106H         LINE#         52
  C:210AH         LINE#         53
  C:210AH         LINE#         54
  C:2113H         LINE#         55
  C:2119H         LINE#         56
  C:2119H         LINE#         57
  C:211EH         LINE#         58
  C:213DH         LINE#         60
  C:215AH         LINE#         61
  C:2163H         LINE#         62
  C:2163H         LINE#         63
  C:216BH         LINE#         64
  -------         ENDPROC       _GETVOLTAD7895
  -------         PROC          INIT
  C:25A8H         LINE#         35
  C:25A8H         LINE#         36
  C:25A8H         LINE#         38
  C:25ABH         LINE#         39
  C:25AEH         LINE#         40
  C:25B1H         LINE#         41
  C:25B4H         LINE#         42
  C:25B7H         LINE#         43
  C:25B9H         LINE#         44
  C:25BBH         LINE#         45
  C:25BEH         LINE#         46
  -------         ENDPROC       INIT
  -------         PROC          _DELAYMAIN
  D:0006H         SYMBOL        t
  C:2625H         LINE#         47
  C:2625H         LINE#         48
  C:2625H         LINE#         49
  C:262FH         LINE#         50
  -------         ENDPROC       _DELAYMAIN
  -------         PROC          GETUCE
  C:22C8H         LINE#         52
  C:22C8H         LINE#         53
  C:22C8H         LINE#         54
  C:22CBH         LINE#         55
  C:22D2H         LINE#         56
  C:22DDH         LINE#         57
  C:22EFH         LINE#         58
  C:2304H         LINE#         60
  C:2310H         LINE#         61
  C:2318H         LINE#         62
BL51 BANKED LINKER/LOCATER V6.22                                                      11/10/2013  19:27:04  PAGE 14


  -------         ENDPROC       GETUCE
  -------         PROC          GETIC
  C:1C9AH         LINE#         63
  C:1C9AH         LINE#         64
  C:1C9AH         LINE#         65
  C:1CA6H         LINE#         66
  C:1CDEH         LINE#         68
  C:1D30H         LINE#         69
  C:1D38H         LINE#         70
  -------         ENDPROC       GETIC
  -------         PROC          JUDGENPN
  C:2319H         LINE#         71
  C:2319H         LINE#         72
  C:2319H         LINE#         74
  C:2320H         LINE#         75
  C:2326H         LINE#         76
  C:2334H         LINE#         77
  C:2334H         LINE#         78
  C:2337H         LINE#         79
  C:2339H         LINE#         80
  C:233FH         LINE#         81
  C:2342H         LINE#         82
  C:2348H         LINE#         83
  C:2357H         LINE#         84
  C:2357H         LINE#         85
  C:235AH         LINE#         86
  C:235CH         LINE#         87
  C:2363H         LINE#         88
  C:2363H         LINE#         89
  C:2363H         LINE#         90
  -------         ENDPROC       JUDGENPN
  -------         PROC          SHOWCHART
  -------         DO            
  D:0021H         SYMBOL        i
  D:0023H         SYMBOL        b
  -------         ENDDO         
  C:1815H         LINE#         91
  C:1815H         LINE#         92
  C:1815H         LINE#         95
  C:1820H         LINE#         96
  C:1823H         LINE#         97
  C:1826H         LINE#         98
  C:182DH         LINE#         99
  C:1833H         LINE#         100
  C:1833H         LINE#         101
  C:1836H         LINE#         102
  C:183AH         LINE#         103
  C:184CH         LINE#         105
  C:1862H         LINE#         112
  C:1869H         LINE#         113
  C:186CH         LINE#         114
  C:186FH         LINE#         116
  C:1883H         LINE#         117
  C:189DH         LINE#         118
  C:18EDH         LINE#         119
  C:1906H         LINE#         120
  C:190AH         LINE#         121
BL51 BANKED LINKER/LOCATER V6.22                                                      11/10/2013  19:27:04  PAGE 15


  C:1923H         LINE#         122
  C:1927H         LINE#         123
  C:193DH         LINE#         127
  C:194AH         LINE#         128
  C:194EH         LINE#         130
  C:1953H         LINE#         133
  -------         ENDPROC       SHOWCHART
  -------         PROC          MAIN
  C:246EH         LINE#         134
  C:246EH         LINE#         135
  C:246EH         LINE#         137
  C:246EH         LINE#         138
  C:246EH         LINE#         139
  C:2471H         LINE#         140
  C:2474H         LINE#         141
  C:2477H         LINE#         142
  C:247EH         LINE#         143
  C:2481H         LINE#         144
  C:2484H         LINE#         145
  C:248AH         LINE#         146
  C:248FH         LINE#         148
  C:2495H         LINE#         149
  C:2498H         LINE#         150
  C:249FH         LINE#         151
  -------         ENDPROC       MAIN
  -------         ENDMOD        MAIN

  -------         MODULE        TFTM
  C:0000H         SYMBOL        _ICE_DUMMY_
  D:0090H         PUBLIC        P1
  D:00A0H         PUBLIC        P2
  D:00B0H         PUBLIC        P3
  D:00A8H         PUBLIC        IE
  C:261CH         PUBLIC        IniOTP
  D:00B8H         PUBLIC        IP
  B:00A0H.0       PUBLIC        DATA
  C:1428H         PUBLIC        coordinate
  D:0098H         PUBLIC        SCON
  D:0088H         PUBLIC        TCON
  C:21C9H         PUBLIC        wait
  C:2012H         PUBLIC        _sbc
  C:23FDH         PUBLIC        _OTPT
  C:22A8H         PUBLIC        _delay_ms
  C:1F00H         PUBLIC        _sb
  C:1DD7H         PUBLIC        _printchip
  C:0F95H         PUBLIC        _printcurve
  D:00C8H         PUBLIC        T2CON
  C:11E3H         PUBLIC        _printtype
  B:00A0H.3       PUBLIC        RST
  D:00D0H         PUBLIC        PSW
  C:2276H         SYMBOL        L?0085
  C:22A0H         SYMBOL        L?0086
  C:22A1H         SYMBOL        L?0087
  -------         PROC          L?0084
  -------         ENDPROC       L?0084
  C:2276H         SYMBOL        L?0085
  C:22A0H         SYMBOL        L?0086
BL51 BANKED LINKER/LOCATER V6.22                                                      11/10/2013  19:27:04  PAGE 16


  C:22A1H         SYMBOL        L?0087
  -------         PROC          _DELAY_MS
  D:0006H         SYMBOL        count
  -------         DO            
  D:0004H         SYMBOL        i
  D:0002H         SYMBOL        j
  -------         ENDDO         
  C:22A8H         LINE#         24
  C:22A8H         LINE#         25
  C:22A8H         LINE#         27
  C:22B2H         LINE#         28
  C:22B2H         LINE#         29
  C:22C0H         LINE#         30
  C:22C7H         LINE#         31
  -------         ENDPROC       _DELAY_MS
  -------         PROC          L?0090
  -------         ENDPROC       L?0090
  -------         PROC          INIOTP
  C:261CH         LINE#         35
  C:261CH         LINE#         36
  C:261CH         LINE#         37
  C:261EH         LINE#         38
  -------         ENDPROC       INIOTP
  -------         PROC          COORDINATE
  -------         DO            
  D:002DH         SYMBOL        i
  -------         ENDDO         
  C:1428H         LINE#         42
  C:1428H         LINE#         43
  C:1428H         LINE#         45
  C:142FH         LINE#         47
  C:1447H         LINE#         48
  C:145FH         LINE#         49
  C:1465H         LINE#         50
  C:149EH         LINE#         51
  C:14A4H         LINE#         52
  C:14DDH         LINE#         53
  C:14E3H         LINE#         54
  C:14E3H         LINE#         55
  C:150CH         LINE#         56
  C:1538H         LINE#         57
  C:154BH         LINE#         58
  C:1568H         LINE#         59
  C:1585H         LINE#         60
  C:15A2H         LINE#         61
  C:15A8H         LINE#         62
  C:15C0H         LINE#         63
  C:15D9H         LINE#         64
  C:15F3H         LINE#         65
  C:160EH         LINE#         66
  C:1621H         LINE#         67
  C:163EH         LINE#         68
  -------         ENDPROC       COORDINATE
  -------         PROC          _PRINTCURVE
  D:002DH         SYMBOL        ic
  D:0031H         SYMBOL        ib
  -------         DO            
BL51 BANKED LINKER/LOCATER V6.22                                                      11/10/2013  19:27:04  PAGE 17


  D:0033H         SYMBOL        j
  D:0035H         SYMBOL        k
  -------         ENDDO         
  C:0F95H         LINE#         72
  C:0F9DH         LINE#         73
  C:0F9DH         LINE#         75
  C:0FDEH         LINE#         77
  C:0FFEH         LINE#         78
  C:10ADH         LINE#         79
  C:111EH         LINE#         80
  C:1136H         LINE#         81
  C:1136H         LINE#         82
  C:1136H         LINE#         83
  C:1168H         LINE#         84
  C:116AH         LINE#         85
  C:116AH         LINE#         86
  C:119CH         LINE#         87
  C:119EH         LINE#         88
  C:119EH         LINE#         89
  C:11E2H         LINE#         90
  C:11E2H         LINE#         91
  C:11E2H         LINE#         92
  -------         ENDPROC       _PRINTCURVE
  -------         PROC          L?0089
  -------         ENDPROC       L?0089
  -------         PROC          _OTPT
  D:0082H         SYMBOL        n
  C:23FDH         LINE#         95
  C:2401H         LINE#         96
  C:2401H         LINE#         97
  C:2403H         LINE#         98
  C:240AH         LINE#         99
  C:240CH         LINE#         100
  C:240FH         LINE#         101
  C:241CH         LINE#         102
  C:241CH         LINE#         103
  C:241EH         LINE#         104
  C:2425H         LINE#         105
  C:2427H         LINE#         106
  C:242AH         LINE#         107
  C:2432H         LINE#         108
  C:2434H         LINE#         109
  -------         ENDPROC       _OTPT
  -------         PROC          L?0088
  -------         ENDPROC       L?0088
  -------         PROC          _SB
  D:0002H         SYMBOL        bmin
  -------         DO            
  D:003DH         SYMBOL        a
  D:003FH         SYMBOL        b
  D:0041H         SYMBOL        c
  -------         ENDDO         
  C:1F00H         LINE#         110
  C:1F04H         LINE#         111
  C:1F04H         LINE#         113
  C:1F0FH         LINE#         114
  C:1F26H         LINE#         115
BL51 BANKED LINKER/LOCATER V6.22                                                      11/10/2013  19:27:04  PAGE 18


  C:1F35H         LINE#         116
  C:1F3DH         LINE#         117
  C:1F41H         LINE#         118
  C:1F45H         LINE#         119
  C:1F45H         LINE#         120
  C:1F45H         LINE#         121
  C:1F45H         LINE#         122
  C:1F45H         LINE#         123
  C:1F45H         LINE#         124
  C:1F47H         LINE#         126
  C:1F4CH         LINE#         127
  C:1F53H         LINE#         128
  C:1F5FH         LINE#         129
  C:1F66H         LINE#         130
  C:1F6FH         LINE#         131
  C:1F72H         LINE#         132
  C:1F7EH         LINE#         133
  C:1F82H         LINE#         134
  C:1F85H         LINE#         135
  C:1F85H         LINE#         136
  -------         ENDPROC       _SB
  -------         PROC          _PRINTTYPE
  D:002DH         SYMBOL        n
  D:002EH         SYMBOL        bmin
  D:0030H         SYMBOL        bmax
  -------         DO            
  D:0032H         SYMBOL        s
  D:0035H         SYMBOL        a
  D:0037H         SYMBOL        b
  D:0039H         SYMBOL        c
  D:003BH         SYMBOL        s1
  -------         ENDDO         
  C:11E3H         LINE#         137
  C:11EDH         LINE#         138
  C:11EDH         LINE#         141
  C:11FCH         LINE#         142
  C:1215H         LINE#         143
  C:1224H         LINE#         145
  C:122AH         LINE#         146
  C:1230H         LINE#         147
  C:1236H         LINE#         148
  C:123CH         LINE#         149
  C:1242H         LINE#         150
  C:125FH         LINE#         151
  C:1277H         LINE#         152
  C:1279H         LINE#         154
  C:1296H         LINE#         155
  C:12B3H         LINE#         156
  C:12B3H         LINE#         158
  C:12C2H         LINE#         159
  C:12DBH         LINE#         160
  C:12EAH         LINE#         162
  C:12F0H         LINE#         163
  C:12F6H         LINE#         164
  C:12FCH         LINE#         165
  C:1302H         LINE#         166
  C:1308H         LINE#         167
BL51 BANKED LINKER/LOCATER V6.22                                                      11/10/2013  19:27:04  PAGE 19


  C:1325H         LINE#         168
  C:132BH         LINE#         169
  C:132DH         LINE#         170
  C:132DH         LINE#         171
  C:134AH         LINE#         172
  C:1367H         LINE#         173
  C:136FH         LINE#         174
  C:138AH         LINE#         175
  C:1391H         LINE#         176
  C:1391H         LINE#         177
  C:1394H         LINE#         178
  C:1394H         LINE#         179
  C:1397H         LINE#         180
  C:139EH         LINE#         181
  C:13A4H         LINE#         182
  C:13ABH         LINE#         183
  C:13B0H         LINE#         184
  C:13B7H         LINE#         185
  C:13B9H         LINE#         186
  C:13B9H         LINE#         187
  C:13B9H         LINE#         188
  C:13B9H         LINE#         189
  C:13B9H         LINE#         190
  C:13B9H         LINE#         191
  C:13B9H         LINE#         196
  C:13BBH         LINE#         198
  C:13BBH         LINE#         199
  C:13D6H         LINE#         200
  C:13DDH         LINE#         201
  C:13DDH         LINE#         202
  C:13E0H         LINE#         203
  C:13E0H         LINE#         204
  C:13E3H         LINE#         205
  C:13EAH         LINE#         206
  C:13F0H         LINE#         207
  C:13F7H         LINE#         208
  C:13FCH         LINE#         209
  C:1403H         LINE#         210
  C:1408H         LINE#         211
  C:140FH         LINE#         212
  C:1414H         LINE#         213
  C:141BH         LINE#         214
  C:1420H         LINE#         215
  C:1424H         LINE#         216
  C:1427H         LINE#         217
  C:1427H         LINE#         218
  -------         ENDPROC       _PRINTTYPE
  -------         PROC          _SBC
  D:0006H         SYMBOL        bmin
  C:2012H         LINE#         219
  C:2012H         LINE#         220
  C:2012H         LINE#         222
  C:202CH         LINE#         223
  C:202CH         LINE#         224
  C:202CH         LINE#         225
  C:202CH         LINE#         226
  C:202CH         LINE#         227
BL51 BANKED LINKER/LOCATER V6.22                                                      11/10/2013  19:27:04  PAGE 20


  C:202CH         LINE#         228
  C:202CH         LINE#         229
  C:202CH         LINE#         230
  C:202CH         LINE#         231
  C:202CH         LINE#         232
  C:202FH         LINE#         233
  C:2031H         LINE#         234
  C:2034H         LINE#         235
  C:2036H         LINE#         236
  C:2036H         LINE#         237
  C:2036H         LINE#         238
  C:2036H         LINE#         239
  C:2039H         LINE#         240
  C:2039H         LINE#         241
  C:2039H         LINE#         242
  C:2039H         LINE#         243
  C:2039H         LINE#         244
  C:2039H         LINE#         245
  C:2039H         LINE#         246
  C:2039H         LINE#         247
  C:2039H         LINE#         248
  C:203CH         LINE#         249
  C:203EH         LINE#         250
  C:2041H         LINE#         251
  C:2043H         LINE#         252
  C:2043H         LINE#         253
  C:2043H         LINE#         254
  C:2043H         LINE#         255
  C:2046H         LINE#         256
  C:2046H         LINE#         257
  C:2046H         LINE#         258
  C:2046H         LINE#         259
  C:2046H         LINE#         260
  C:2046H         LINE#         261
  C:2046H         LINE#         262
  C:2046H         LINE#         263
  C:2046H         LINE#         264
  C:2049H         LINE#         265
  C:204BH         LINE#         266
  C:204EH         LINE#         267
  C:2050H         LINE#         268
  C:2053H         LINE#         269
  C:2055H         LINE#         270
  C:2055H         LINE#         271
  C:2055H         LINE#         272
  C:2055H         LINE#         273
  C:2058H         LINE#         274
  C:2058H         LINE#         275
  C:2058H         LINE#         276
  C:2058H         LINE#         277
  C:2058H         LINE#         278
  C:2058H         LINE#         279
  C:2058H         LINE#         280
  C:2058H         LINE#         281
  C:2058H         LINE#         282
  C:205BH         LINE#         283
  C:205DH         LINE#         284
BL51 BANKED LINKER/LOCATER V6.22                                                      11/10/2013  19:27:04  PAGE 21


  C:2060H         LINE#         285
  C:2062H         LINE#         286
  C:2062H         LINE#         287
  C:2062H         LINE#         288
  C:2062H         LINE#         289
  C:2065H         LINE#         290
  C:2065H         LINE#         291
  C:2065H         LINE#         292
  C:2065H         LINE#         293
  C:2065H         LINE#         294
  C:2065H         LINE#         295
  C:2065H         LINE#         296
  C:2065H         LINE#         297
  C:2065H         LINE#         298
  C:2068H         LINE#         299
  C:206AH         LINE#         300
  C:206DH         LINE#         301
  C:206FH         LINE#         302
  C:206FH         LINE#         303
  C:206FH         LINE#         304
  C:206FH         LINE#         305
  C:2071H         LINE#         306
  C:2071H         LINE#         307
  C:2071H         LINE#         308
  C:2071H         LINE#         309
  C:2071H         LINE#         310
  C:2071H         LINE#         311
  C:2071H         LINE#         312
  C:2071H         LINE#         313
  C:2071H         LINE#         314
  C:2074H         LINE#         315
  C:2076H         LINE#         316
  C:2079H         LINE#         317
  C:207BH         LINE#         318
  C:207EH         LINE#         319
  C:2084H         LINE#         320
  C:208EH         LINE#         321
  C:208EH         LINE#         322
  C:208EH         LINE#         326
  -------         ENDPROC       _SBC
  -------         PROC          _PRINTCHIP
  D:0021H         SYMBOL        bmin
  C:1DD7H         LINE#         327
  C:1DDBH         LINE#         328
  C:1DDBH         LINE#         330
  C:1DE2H         LINE#         331
  C:1DFFH         LINE#         332
  C:1E1BH         LINE#         333
  C:1E1BH         LINE#         334
  C:1E1BH         LINE#         335
  C:1E21H         LINE#         336
  C:1E23H         LINE#         337
  C:1E23H         LINE#         338
  C:1E29H         LINE#         339
  C:1E2BH         LINE#         340
  C:1E2BH         LINE#         341
  C:1E31H         LINE#         342
BL51 BANKED LINKER/LOCATER V6.22                                                      11/10/2013  19:27:04  PAGE 22


  C:1E33H         LINE#         343
  C:1E33H         LINE#         344
  C:1E39H         LINE#         345
  C:1E3BH         LINE#         346
  C:1E3BH         LINE#         347
  C:1E41H         LINE#         348
  C:1E43H         LINE#         349
  C:1E43H         LINE#         350
  C:1E60H         LINE#         351
  C:1E60H         LINE#         352
  C:1E60H         LINE#         353
  -------         ENDPROC       _PRINTCHIP
  -------         PROC          WAIT
  C:21C9H         LINE#         356
  C:21C9H         LINE#         357
  C:21C9H         LINE#         358
  C:21E6H         LINE#         359
  C:2203H         LINE#         360
  -------         ENDPROC       WAIT
  -------         ENDMOD        TFTM

  -------         MODULE        9325TP
  C:0000H         SYMBOL        _ICE_DUMMY_
  D:0080H         PUBLIC        P0
  D:0090H         PUBLIC        P1
  D:00A0H         PUBLIC        P2
  D:00B0H         PUBLIC        P3
  C:25D3H         PUBLIC        _Write_Cmd
  C:2642H         PUBLIC        _Write_Data_U16
  C:1E6AH         PUBLIC        _LCD_PutChar8x16
  C:0D0FH         PUBLIC        _Line
  D:00A8H         PUBLIC        IE
  B:00A0H.2       PUBLIC        CS
  C:23ADH         SYMBOL        _LCD_SetPos
  D:00B8H         PUBLIC        IP
  B:00A0H.4       PUBLIC        RS
  C:2364H         PUBLIC        _CLR_Screen
  B:00A0H.5       PUBLIC        RW
  C:0003H         PUBLIC        Font8x16
  D:0098H         PUBLIC        SCON
  D:0088H         PUBLIC        TCON
  C:250AH         PUBLIC        _Put_pixel
  C:2592H         PUBLIC        _Write_Cmd_Data
  C:1658H         PUBLIC        ILI9325_Initial
  D:00C8H         PUBLIC        T2CON
  B:00A0H.1       PUBLIC        RES
  C:2220H         PUBLIC        _LCD_PutString
  C:25E6H         PUBLIC        _Write_Data
  C:2553H         PUBLIC        _delayms
  D:00D0H         PUBLIC        PSW
  -------         PROC          _CLR_SCREEN
  D:002FH         SYMBOL        bColor
  -------         DO            
  D:0031H         SYMBOL        i
  D:0033H         SYMBOL        j
  -------         ENDDO         
  C:2364H         LINE#         29
BL51 BANKED LINKER/LOCATER V6.22                                                      11/10/2013  19:27:04  PAGE 23


  C:2368H         LINE#         30
  C:2368H         LINE#         32
  C:2379H         LINE#         33
  C:237EH         LINE#         34
  C:237EH         LINE#         36
  C:2383H         LINE#         37
  C:239BH         LINE#         39
  C:23ACH         LINE#         40
  -------         ENDPROC       _CLR_SCREEN
  -------         PROC          _LCD_PUTCHAR8X16
  D:0006H         SYMBOL        x
  D:0082H         SYMBOL        y
  D:004DH         SYMBOL        c
  D:004EH         SYMBOL        fColor
  D:0050H         SYMBOL        bColor
  -------         DO            
  D:0052H         SYMBOL        i
  D:0054H         SYMBOL        j
  -------         DO            
  D:0056H         SYMBOL        m
  -------         ENDDO         
  -------         ENDDO         
  C:1E6AH         LINE#         50
  C:1E70H         LINE#         51
  C:1E70H         LINE#         53
  C:1E89H         LINE#         54
  C:1E8EH         LINE#         55
  C:1EB9H         LINE#         56
  C:1EBEH         LINE#         57
  C:1EC3H         LINE#         58
  C:1EC7H         LINE#         59
  C:1EC9H         LINE#         60
  C:1EC9H         LINE#         61
  C:1ED0H         LINE#         62
  C:1ED0H         LINE#         63
  C:1ED6H         LINE#         64
  C:1EE7H         LINE#         65
  C:1EF8H         LINE#         66
  -------         ENDPROC       _LCD_PUTCHAR8X16
  -------         PROC          _LCD_PUTSTRING
  D:003DH         SYMBOL        x
  D:003FH         SYMBOL        y
  D:0041H         SYMBOL        s
  D:0044H         SYMBOL        fColor
  D:0046H         SYMBOL        bColor
  -------         DO            
  D:0048H         SYMBOL        l
  -------         ENDDO         
  C:2220H         LINE#         80
  C:222EH         LINE#         81
  C:2231H         LINE#         82
  C:223CH         LINE#         83
  C:2241H         LINE#         84
  C:2241H         LINE#         85
  C:2266H         LINE#         86
  C:2273H         LINE#         87
  C:2273H         LINE#         89
BL51 BANKED LINKER/LOCATER V6.22                                                      11/10/2013  19:27:04  PAGE 24


  C:2275H         LINE#         90
  -------         ENDPROC       _LCD_PUTSTRING
  -------         PROC          L?0085
  -------         ENDPROC       L?0085
  -------         PROC          _WRITE_CMD_DATA
  D:0005H         SYMBOL        x
  D:0002H         SYMBOL        y
  -------         DO            
  D:0065H         SYMBOL        m
  D:0066H         SYMBOL        n
  -------         ENDDO         
  C:2592H         LINE#         97
  C:2598H         LINE#         98
  C:2598H         LINE#         100
  C:259AH         LINE#         101
  C:259CH         LINE#         102
  C:25A1H         LINE#         103
  -------         ENDPROC       _WRITE_CMD_DATA
  -------         PROC          _WRITE_DATA_U16
  D:0004H         SYMBOL        y
  -------         DO            
  D:0007H         SYMBOL        m
  D:0005H         SYMBOL        n
  -------         ENDDO         
  C:2642H         LINE#         110
  C:2646H         LINE#         111
  C:2646H         LINE#         113
  C:2648H         LINE#         114
  C:2648H         LINE#         115
  -------         ENDPROC       _WRITE_DATA_U16
  -------         PROC          _WRITE_CMD
  D:0007H         SYMBOL        DH
  D:0005H         SYMBOL        DL
  C:25D3H         LINE#         122
  C:25D3H         LINE#         123
  C:25D3H         LINE#         124
  C:25D5H         LINE#         125
  C:25D7H         LINE#         127
  C:25D9H         LINE#         128
  C:25DBH         LINE#         129
  C:25DDH         LINE#         131
  C:25DFH         LINE#         133
  C:25E1H         LINE#         134
  C:25E3H         LINE#         135
  C:25E5H         LINE#         136
  -------         ENDPROC       _WRITE_CMD
  -------         PROC          _WRITE_DATA
  D:0007H         SYMBOL        DH
  D:0005H         SYMBOL        DL
  C:25E6H         LINE#         142
  C:25E6H         LINE#         143
  C:25E6H         LINE#         145
  C:25E8H         LINE#         147
  C:25EAH         LINE#         148
  C:25ECH         LINE#         149
  C:25EEH         LINE#         150
  C:25F0H         LINE#         152
BL51 BANKED LINKER/LOCATER V6.22                                                      11/10/2013  19:27:04  PAGE 25


  C:25F2H         LINE#         153
  C:25F4H         LINE#         154
  C:25F6H         LINE#         155
  C:25F8H         LINE#         156
  -------         ENDPROC       _WRITE_DATA
  -------         PROC          _DELAYMS
  D:0006H         SYMBOL        count
  -------         DO            
  D:0004H         SYMBOL        i
  D:0002H         SYMBOL        j
  -------         ENDDO         
  C:2553H         LINE#         160
  C:2553H         LINE#         161
  C:2553H         LINE#         163
  C:255DH         LINE#         164
  C:255DH         LINE#         165
  C:256BH         LINE#         166
  C:2572H         LINE#         167
  -------         ENDPROC       _DELAYMS
  -------         PROC          ILI9325_INITIAL
  C:1658H         LINE#         174
  C:1658H         LINE#         175
  C:1658H         LINE#         176
  C:165AH         LINE#         177
  C:1661H         LINE#         178
  C:1663H         LINE#         179
  C:1666H         LINE#         180
  C:1668H         LINE#         181
  C:166DH         LINE#         182
  C:1676H         LINE#         183
  C:167FH         LINE#         184
  C:1688H         LINE#         185
  C:168DH         LINE#         186
  C:1696H         LINE#         187
  C:169BH         LINE#         188
  C:16A3H         LINE#         189
  C:16ABH         LINE#         190
  C:16B3H         LINE#         191
  C:16BBH         LINE#         193
  C:16C3H         LINE#         194
  C:16CCH         LINE#         195
  C:16D4H         LINE#         196
  C:16DCH         LINE#         198
  C:16E5H         LINE#         199
  C:16EEH         LINE#         202
  C:16F7H         LINE#         205
  C:1700H         LINE#         208
  C:1709H         LINE#         209
  C:1712H         LINE#         212
  C:171BH         LINE#         213
  C:1724H         LINE#         214
  C:172DH         LINE#         215
  C:1736H         LINE#         216
  C:173FH         LINE#         217
  C:1748H         LINE#         218
  C:1751H         LINE#         219
  C:175AH         LINE#         220
BL51 BANKED LINKER/LOCATER V6.22                                                      11/10/2013  19:27:04  PAGE 26


  C:1763H         LINE#         221
  C:176CH         LINE#         223
  C:1774H         LINE#         224
  C:177DH         LINE#         225
  C:1785H         LINE#         226
  C:178EH         LINE#         227
  C:1797H         LINE#         228
  C:17A0H         LINE#         229
  C:17A8H         LINE#         231
  C:17B0H         LINE#         232
  C:17B8H         LINE#         233
  C:17C0H         LINE#         234
  C:17C8H         LINE#         235
  C:17D0H         LINE#         236
  C:17D8H         LINE#         238
  C:17E1H         LINE#         239
  C:17EAH         LINE#         240
  C:17F3H         LINE#         241
  C:17FCH         LINE#         242
  C:1804H         LINE#         243
  C:180CH         LINE#         244
  -------         ENDPROC       ILI9325_INITIAL
  C:24FEH         SYMBOL        L?0087
  -------         PROC          L?0086
  -------         ENDPROC       L?0086
  C:24FEH         SYMBOL        L?0087
  -------         PROC          _PUT_PIXEL
  D:0004H         SYMBOL        x
  D:0082H         SYMBOL        y
  D:005BH         SYMBOL        color
  C:250AH         LINE#         256
  C:2516H         LINE#         257
  C:2516H         LINE#         258
  C:2523H         LINE#         259
  -------         ENDPROC       _PUT_PIXEL
  -------         PROC          _LCD_SETPOS
  D:005DH         SYMBOL        x0
  D:005FH         SYMBOL        x1
  D:0061H         SYMBOL        y0
  D:0063H         SYMBOL        y1
  C:23ADH         LINE#         265
  C:23B9H         LINE#         266
  C:23B9H         LINE#         267
  C:23C2H         LINE#         268
  C:23CBH         LINE#         269
  C:23D4H         LINE#         270
  C:23DDH         LINE#         271
  C:23E6H         LINE#         272
  C:23EFH         LINE#         273
  -------         ENDPROC       _LCD_SETPOS
  -------         PROC          _LINE
  D:0037H         SYMBOL        X0
  D:0039H         SYMBOL        Y0
  D:003BH         SYMBOL        X1
  D:003DH         SYMBOL        Y1
  D:003FH         SYMBOL        color
  -------         DO            
BL51 BANKED LINKER/LOCATER V6.22                                                      11/10/2013  19:27:04  PAGE 27


  D:0041H         SYMBOL        dx
  D:0043H         SYMBOL        dy
  D:0045H         SYMBOL        P
  D:0047H         SYMBOL        dobDy
  D:0049H         SYMBOL        dobD
  D:004BH         SYMBOL        PointX
  D:004DH         SYMBOL        PointY
  D:004FH         SYMBOL        incx
  D:0051H         SYMBOL        incy
  D:0053H         SYMBOL        distance
  D:0055H         SYMBOL        xerr
  D:0057H         SYMBOL        yerr
  D:0059H         SYMBOL        i
  -------         ENDDO         
  C:0D0FH         LINE#         280
  C:0D1BH         LINE#         285
  C:0D1BH         LINE#         286
  C:0D28H         LINE#         287
  C:0D35H         LINE#         288
  C:0D49H         LINE#         289
  C:0D4DH         LINE#         290
  C:0D61H         LINE#         291
  C:0D6AH         LINE#         292
  C:0D72H         LINE#         293
  C:0D7EH         LINE#         294
  C:0D82H         LINE#         296
  C:0D88H         LINE#         297
  C:0D88H         LINE#         298
  C:0D8EH         LINE#         299
  C:0D99H         LINE#         300
  C:0D99H         LINE#         301
  C:0D9FH         LINE#         302
  C:0DA1H         LINE#         304
  C:0DA1H         LINE#         305
  C:0DA7H         LINE#         306
  C:0DA7H         LINE#         307
  C:0DDBH         LINE#         308
  C:0DDBH         LINE#         310
  C:0DDEH         LINE#         311
  C:0DE6H         LINE#         312
  C:0DF0H         LINE#         314
  C:0DF0H         LINE#         315
  C:0DF6H         LINE#         316
  C:0DF6H         LINE#         317
  C:0DFCH         LINE#         318
  C:0E07H         LINE#         319
  C:0E07H         LINE#         320
  C:0E0DH         LINE#         321
  C:0E0FH         LINE#         323
  C:0E0FH         LINE#         324
  C:0E15H         LINE#         325
  C:0E15H         LINE#         326
  C:0E49H         LINE#         327
  C:0E49H         LINE#         329
  C:0E4CH         LINE#         330
  C:0E54H         LINE#         331
  C:0E5EH         LINE#         333
BL51 BANKED LINKER/LOCATER V6.22                                                      11/10/2013  19:27:04  PAGE 28


  C:0E5EH         LINE#         335
  C:0E69H         LINE#         336
  C:0E71H         LINE#         337
  C:0E77H         LINE#         338
  C:0E79H         LINE#         340
  C:0E7FH         LINE#         342
  C:0E8AH         LINE#         343
  C:0E92H         LINE#         344
  C:0E98H         LINE#         345
  C:0E9AH         LINE#         347
  C:0EA0H         LINE#         349
  C:0EC6H         LINE#         350
  C:0EECH         LINE#         352
  C:0EFFH         LINE#         353
  C:0F05H         LINE#         355
  C:0F0BH         LINE#         356
  C:0F11H         LINE#         357
  C:0F28H         LINE#         358
  C:0F28H         LINE#         360
  C:0F2BH         LINE#         361
  C:0F37H         LINE#         362
  C:0F43H         LINE#         363
  C:0F4EH         LINE#         364
  C:0F4EH         LINE#         365
  C:0F5AH         LINE#         366
  C:0F66H         LINE#         367
  C:0F66H         LINE#         368
  C:0F71H         LINE#         369
  C:0F71H         LINE#         370
  C:0F7DH         LINE#         371
  C:0F89H         LINE#         372
  C:0F89H         LINE#         373
  C:0F94H         LINE#         374
  -------         ENDPROC       _LINE
  -------         ENDMOD        9325TP

  -------         MODULE        ?C?FPADD
  C:080AH         PUBLIC        ?C?FPADD
  C:0806H         PUBLIC        ?C?FPSUB
  -------         ENDMOD        ?C?FPADD

  -------         MODULE        ?C?FPMUL
  C:08FBH         PUBLIC        ?C?FPMUL
  -------         ENDMOD        ?C?FPMUL

  -------         MODULE        ?C?FPDIV
  C:0A04H         PUBLIC        ?C?FPDIV
  -------         ENDMOD        ?C?FPDIV

  -------         MODULE        ?C?FPCMP
  C:0AA3H         PUBLIC        ?C?FPCMP
  C:0AA1H         PUBLIC        ?C?FPCMP3
  -------         ENDMOD        ?C?FPCMP

  -------         MODULE        ?C?FPNEG
  C:0B0EH         PUBLIC        ?C?FPNEG
  -------         ENDMOD        ?C?FPNEG
BL51 BANKED LINKER/LOCATER V6.22                                                      11/10/2013  19:27:04  PAGE 29



  -------         MODULE        ?C?FCAST
  C:0B29H         PUBLIC        ?C?FCASTC
  C:0B24H         PUBLIC        ?C?FCASTI
  C:0B1FH         PUBLIC        ?C?FCASTL
  -------         ENDMOD        ?C?FCAST

  -------         MODULE        ?C?CASTF
  C:0B5DH         PUBLIC        ?C?CASTF
  -------         ENDMOD        ?C?CASTF

  -------         MODULE        LOG
  C:1988H         PUBLIC        _LOG
  C:1984H         PUBLIC        _LOG10
  -------         ENDMOD        LOG

  -------         MODULE        ?C?CLDPTR
  C:0C2BH         PUBLIC        ?C?CLDPTR
  -------         ENDMOD        ?C?CLDPTR

  -------         MODULE        ?C?IMUL
  C:0C44H         PUBLIC        ?C?IMUL
  -------         ENDMOD        ?C?IMUL

  -------         MODULE        ?C?SIDIV
  C:0C56H         PUBLIC        ?C?SIDIV
  -------         ENDMOD        ?C?SIDIV

  -------         MODULE        ?C?LNEG
  C:0C8CH         PUBLIC        ?C?LNEG
  -------         ENDMOD        ?C?LNEG

  -------         MODULE        ?C?LLDCODE
  C:0C9AH         PUBLIC        ?C?LLDCODE
  -------         ENDMOD        ?C?LLDCODE

  -------         MODULE        ?C?LLDCODE0
  C:0CAAH         PUBLIC        ?C?LLDCODE0
  -------         ENDMOD        ?C?LLDCODE0

  -------         MODULE        ?C?UIDIV
  C:0CBAH         PUBLIC        ?C?UIDIV
  -------         ENDMOD        ?C?UIDIV

Program Size: data=100.1 xdata=0 code=9814
LINK/LOCATE RUN COMPLETE.  0 WARNING(S),  0 ERROR(S)
