###############################################################################
#                                                                             #
# IAR ELF Linker V6.10.1.52143/W32 for ARM              08/Jul/2014  10:29:53 #
# Copyright 2007-2010 IAR Systems AB.                                         #
#                                                                             #
#    Output file  =  E:\实验4 无线传感器节点多点通信实验 - 副本 -             #
#                    副本\工程源代码\simplemac\demos\sample\MB851_PLANET1\Exe #
#                    \sample_planet.out                                       #
#    Map file     =  E:\实验4 无线传感器节点多点通信实验 - 副本 -             #
#                    副本\工程源代码\simplemac\demos\sample\MB851_PLANET1\Lis #
#                    t\sample_planet.map                                      #
#    Command line =  "E:\实验4 无线传感器节点多点通信实验 - 副本 -            #
#                    副本\工程源代码\simplemac\demos\sample\MB851_PLANET1\Obj #
#                    \adc.o" "E:\实验4 无线传感器节点多点通信实验 - 副本 -    #
#                    副本\工程源代码\simplemac\demos\sample\MB851_PLANET1\Obj #
#                    \button.o" "E:\实验4 无线传感器节点多点通信实验 - 副本   #
#                    - 副本\工程源代码\simplemac\demos\sample\MB851_PLANET1\O #
#                    bj\clocks.o" "E:\实验4 无线传感器节点多点通信实验 -      #
#                    副本 - 副本\工程源代码\simplemac\demos\sample\MB851_PLAN #
#                    ET1\Obj\context-switch.o" "E:\实验4                      #
#                    无线传感器节点多点通信实验 - 副本 -                      #
#                    副本\工程源代码\simplemac\demos\sample\MB851_PLANET1\Obj #
#                    \cstartup_M.o" "E:\实验4 无线传感器节点多点通信实验 -    #
#                    副本 - 副本\工程源代码\simplemac\demos\sample\MB851_PLAN #
#                    ET1\Obj\flash.o" "E:\实验4 无线传感器节点多点通信实验 -  #
#                    副本 - 副本\工程源代码\simplemac\demos\sample\MB851_PLAN #
#                    ET1\Obj\led.o" "E:\实验4 无线传感器节点多点通信实验 -    #
#                    副本 - 副本\工程源代码\simplemac\demos\sample\MB851_PLAN #
#                    ET1\Obj\low_level_init.o" "E:\实验4                      #
#                    无线传感器节点多点通信实验 - 副本 -                      #
#                    副本\工程源代码\simplemac\demos\sample\MB851_PLANET1\Obj #
#                    \mfg-token.o" "E:\实验4 无线传感器节点多点通信实验 -     #
#                    副本 - 副本\工程源代码\simplemac\demos\sample\MB851_PLAN #
#                    ET1\Obj\micro-common-internal.o" "E:\实验4               #
#                    无线传感器节点多点通信实验 - 副本 -                      #
#                    副本\工程源代码\simplemac\demos\sample\MB851_PLANET1\Obj #
#                    \micro-common.o" "E:\实验4 无线传感器节点多点通信实验 -  #
#                    副本 - 副本\工程源代码\simplemac\demos\sample\MB851_PLAN #
#                    ET1\Obj\micro.o" "E:\实验4 无线传感器节点多点通信实验 -  #
#                    副本 - 副本\工程源代码\simplemac\demos\sample\MB851_PLAN #
#                    ET1\Obj\nvm.o" "E:\实验4 无线传感器节点多点通信实验 -    #
#                    副本 - 副本\工程源代码\simplemac\demos\sample\MB851_PLAN #
#                    ET1\Obj\sleep.o" "E:\实验4 无线传感器节点多点通信实验 -  #
#                    副本 - 副本\工程源代码\simplemac\demos\sample\MB851_PLAN #
#                    ET1\Obj\solar-system.o" "E:\实验4                        #
#                    无线传感器节点多点通信实验 - 副本 -                      #
#                    副本\工程源代码\simplemac\demos\sample\MB851_PLANET1\Obj #
#                    \spmr.o" "E:\实验4 无线传感器节点多点通信实验 - 副本 -   #
#                    副本\工程源代码\simplemac\demos\sample\MB851_PLANET1\Obj #
#                    \system-timer.o" "E:\实验4 无线传感器节点多点通信实验 -  #
#                    副本 - 副本\工程源代码\simplemac\demos\sample\MB851_PLAN #
#                    ET1\Obj\transmit.o" "E:\实验4                            #
#                    无线传感器节点多点通信实验 - 副本 -                      #
#                    副本\工程源代码\simplemac\demos\sample\MB851_PLANET1\Obj #
#                    \uart.o" "E:\实验4 无线传感器节点多点通信实验 - 副本 -   #
#                    副本\工程源代码\simplemac\library\simplemac-library.a"   #
#                    --redirect _Printf=_PrintfSmall --redirect               #
#                    _Scanf=_ScanfSmall -o "E:\实验4                          #
#                    无线传感器节点多点通信实验 - 副本 -                      #
#                    副本\工程源代码\simplemac\demos\sample\MB851_PLANET1\Exe #
#                    \sample_planet.out" --map "E:\实验4                      #
#                    无线传感器节点多点通信实验 - 副本 -                      #
#                    副本\工程源代码\simplemac\demos\sample\MB851_PLANET1\Lis #
#                    t\sample_planet.map" --log initialization,modules,sectio #
#                    ns,veneers --log_file "E:\实验4                          #
#                    无线传感器节点多点通信实验 - 副本 -                      #
#                    副本\工程源代码\simplemac\demos\sample\MB851_PLANET1\Lis #
#                    t\sample_planet.log" --config "E:\实验4                  #
#                    无线传感器节点多点通信实验 - 副本 -                      #
#                    副本\工程源代码\simplemac\demos\sample/../../../hal/micr #
#                    o/cortexm3/stm32w108/iar-cfg.icf" --diag_suppress Lp012  #
#                    --entry __iar_program_start                              #
#                                                                             #
#                                                                             #
###############################################################################

*******************************************************************************
*** RUNTIME MODEL ATTRIBUTES
***

CppFlavor       = *
__SystemLibrary = DLib


*******************************************************************************
*** PLACEMENT SUMMARY
***

"A1":  place at 0x08040000 { section FAT };
"P1":  place in [from 0x08000000 to 0x0801ffff] { block FLASH_IMAGE };
"A2":  place at end of [0x08000000-0x0801ffff] { section NVM };
"P2":  place in [from 0x20000000 to 0x20001fff] { rw, block CSTACK };

  Section              Kind        Address    Size  Object
  -------              ----        -------    ----  ------
"P1":                                       0x3f20
  FLASH_IMAGE                   0x08000000  0x3f1e  <Block>
    .intvec            ro code  0x08000000    0x84  cstartup_M.o [1]
    .iar.init_table    const    0x08000084    0x24  - Linker created -
    .rodata            const    0x080000a8    0x40  analogue-min.o [5]
    .rodata            const    0x080000e8    0x20  analogue-min.o [5]
    .rodata            const    0x08000108     0x8  analogue-min.o [5]
    .rodata            const    0x08000110    0x80  phy-common-min.o [5]
    .rodata            const    0x08000190    0x30  phy-min.o [5]
    .rodata            const    0x080001c0    0x4c  analogue-filter-min.o [5]
    .rodata            const    0x0800020c    0x64  analogue-cell-bias-min.o [5]
    .rodata            const    0x08000270    0x2c  analogue-vco-min.o [5]
    .text              ro code  0x0800029c    0xc0  adc.o [1]
    .text              ro code  0x0800035c   0x28c  micro-common-internal.o [1]
    .text              ro code  0x080005e8    0x78  mfg-token.o [1]
    .text              ro code  0x08000660    0x5c  xassert.o [3]
    .text              ro code  0x080006bc     0xc  spmr.o [1]
    .text              ro code  0x080006c8     0x6  spmr.o [1]
    .text              ro code  0x080006ce     0x2  cstartup_M.o [1]
    .text              ro code  0x080006d0    0x90  micro.o [1]
    .text              ro code  0x08000760    0xa0  xreportassert.o [3]
    .text              ro code  0x08000800     0xa  abort.o [3]
    .text              ro code  0x0800080a    0x22  zero_init3.o [4]
    .text              ro code  0x0800082c   0x198  clocks.o [1]
    .text              ro code  0x080009c4    0x8c  micro-common.o [1]
    .text              ro code  0x08000a50    0x70  ABImemcpy.o [4]
    .text              ro code  0x08000ac0    0x62  memcmp.o [4]
    .text              ro code  0x08000b22    0x28  putchar.o [3]
    .text              ro code  0x08000b4a    0x2e  copy_init3.o [4]
    .text              ro code  0x08000b78     0xc  XXexit.o [4]
    .text              ro code  0x08000b84   0x1e4  uart.o [1]
    .text              ro code  0x08000d68    0x1c  button.o [1]
    .text              ro code  0x08000d84    0x38  context-switch.o [1]
    .text              ro code  0x08000dbc    0x10  context-switch.o [1]
    .text              ro code  0x08000dcc   0x150  flash.o [1]
    .text              ro code  0x08000f1c    0x8c  led.o [1]
    .text              ro code  0x08000fa8    0xa4  low_level_init.o [1]
    .text              ro code  0x0800104c   0x4bc  nvm.o [1]
    .text              ro code  0x08001508   0xa40  solar-system.o [1]
    .text              ro code  0x08001f48     0x6  ABImemclr.o [4]
    .text              ro code  0x08001f50    0xc6  phy-library-min.o [5]
    .text              ro code  0x08002018   0x490  transmit.o [1]
    .text              ro code  0x080024a8    0x24  printf.o [3]
    .text              ro code  0x080024cc    0x30  system-timer.o [1]
    .text              ro code  0x080024fc     0x8  spmr.o [1]
    .text              ro code  0x08002504    0x66  ABImemset.o [4]
    .text              ro code  0x0800256c   0x524  phy-common-min.o [5]
    .text              ro code  0x08002a90   0x3dc  analogue-min.o [5]
    .text              ro code  0x08002e6c   0x3f0  phy-min.o [5]
    .text              ro code  0x0800325c   0x470  xprintfsmall.o [3]
    .text              ro code  0x080036cc    0x18  eui64-min.o [5]
    .text              ro code  0x080036e4    0xc0  analogue-cell-bias-min.o [5]
    .text              ro code  0x080037a4    0xd8  analogue-vco-min.o [5]
    .text              ro code  0x0800387c   0x150  analogue-mod-dac-min.o [5]
    .text              ro code  0x080039cc    0x44  analogue-filter-min.o [5]
    .text              ro code  0x08003a10   0x256  analogue-lna-min.o [5]
    .text              ro code  0x08003c68    0xe8  aes-min.o [5]
    .text              ro code  0x08003d50    0x16  strchr.o [4]
    .text              ro code  0x08003d68    0x58  memchr.o [4]
    .text              ro code  0x08003dc0    0x36  strlen.o [4]
    .text              ro code  0x08003df6     0x8  abs.o [3]
    .text              ro code  0x08003dfe    0x44  misc-min.o [5]
    .text              ro code  0x08003e44    0x16  cmain.o [4]
    .text              ro code  0x08003e5c    0x2c  data_init3.o [4]
    .text              ro code  0x08003e88     0x8  exit.o [3]
    .text              ro code  0x08003e90     0xa  cexit.o [4]
    Initializer bytes  ro data  0x08003e9c    0x60  <for P2-1>
    .text              ro code  0x08003efc     0xc  cstartup_M.o [4]
    .text              ro code  0x08003f08    0x16  xprout.o [3]
                              - 0x08003f1e  0x3f1e

"A2":                                        0x800
  NVM                  uninit   0x0801f800   0x400  nvm.o [1]
  NVM                  uninit   0x0801fc00   0x400  nvm.o [1]
                              - 0x08020000   0x800

"A1":                                         0x2c
  FAT                  uninit   0x08040000    0x2c  low_level_init.o [1]
                              - 0x0804002c    0x2c

"P2", part 1 of 3:                            0x60
  P2-1                          0x20000000    0x60  <Init block>
    .data              inited   0x20000000     0x2  clocks.o [1]
    .data              inited   0x20000002     0x4  micro.o [1]
    .data              inited   0x20000008     0x8  solar-system.o [1]
    .data              inited   0x20000010    0x18  solar-system.o [1]
    .data              inited   0x20000028    0x18  transmit.o [1]
    .data              inited   0x20000040     0x2  analogue-min.o [5]
    .data              inited   0x20000044     0xe  analogue-min.o [5]
    .data              inited   0x20000052     0x1  phy-common-min.o [5]
    .data              inited   0x20000054     0xc  phy-common-min.o [5]
  CSTACK               const    0x20000060     0x0  context-switch.o [1]
  CSTACK               const    0x20000060     0x0  spmr.o [1]
  RESETINFO            const    0x20000060     0x0  context-switch.o [1]
  RESETINFO            const    0x20000060     0x0  spmr.o [1]
                              - 0x20000060    0x60

"P2", part 2 of 3:                           0x400
  CSTACK                        0x20000060   0x400  <Block>
    CSTACK             uninit   0x20000060   0x400  <Block tail>
                              - 0x20000460   0x400

"P2", part 3 of 3:                           0x630
  .bss                 zero     0x20000460   0x2a8  transmit.o [1]
  .bss                 zero     0x20000708   0x128  phy-min.o [5]
  .bss                 zero     0x20000830    0x8c  solar-system.o [1]
  .bss                 zero     0x200008bc    0x88  transmit.o [1]
  .bss                 zero     0x20000944    0x80  uart.o [1]
  .bss                 zero     0x200009c4    0x78  solar-system.o [1]
  .bss                 zero     0x20000a3c    0x1e  adc.o [1]
  .bss                 zero     0x20000a5a     0x6  uart.o [1]
  .bss                 zero     0x20000a60    0x10  phy-common-min.o [5]
  .bss                 zero     0x20000a70     0x8  context-switch.o [1]
  .bss                 zero     0x20000a78     0x8  eui64-min.o [5]
  .bss                 zero     0x20000a80     0x4  phy-common-min.o [5]
  .bss                 zero     0x20000a84     0x3  analogue-vco-min.o [5]
  .bss                 zero     0x20000a87     0x1  flash.o [1]
  .bss                 zero     0x20000a88     0x2  phy-min.o [5]
  .bss                 zero     0x20000a8a     0x2  analogue-lna-min.o [5]
  .bss                 zero     0x20000a8c     0x2  analogue-mod-dac-min.o [5]
  .bss                 zero     0x20000a8e     0x1  system-timer.o [1]
                              - 0x20000a8f   0x62f


*******************************************************************************
*** INIT TABLE
***

          Address     Size
          -------     ----
Zero (__iar_zero_init3)
    1 destination range, total size 0x62f:
          0x20000460  0x62f

Copy (__iar_copy_init3)
    1 source range, total size 0x60:
          0x08003e9c   0x60
    1 destination range, total size 0x60:
          0x20000000   0x60


*******************************************************************************
*** MODULE SUMMARY
***

    Module                    ro code  ro data  rw data
    ------                    -------  -------  -------
E:\实验4 无线传感器节点多点通信实验 - 副本 - 副本\工程源代码\simplemac\demos\sample\MB851_PLANET1\Obj: [1]
    adc.o                         192                30
    button.o                       28
    clocks.o                      408        2        2
    context-switch.o               72                 8
    cstartup_M.o                  134
    flash.o                       336                 1
    led.o                         140
    low_level_init.o              164                44
    mfg-token.o                   120
    micro-common-internal.o       652
    micro-common.o                140
    micro.o                       144        4        4
    nvm.o                       1 212             2 048
    solar-system.o              2 624       34      292
    spmr.o                         26
    system-timer.o                 48                 1
    transmit.o                  1 168       24      840
    uart.o                        484               134
    ---------------------------------------------------
    Total:                      8 092       64    3 404

command line: [2]
    ---------------------------------------------------
    Total:

dl7M_tln.a: [3]
    abort.o                        10
    abs.o                           8
    exit.o                          8
    printf.o                       36
    putchar.o                      40
    xassert.o                      92
    xprintfsmall.o              1 136
    xprout.o                       22
    xreportassert.o               160
    ---------------------------------------------------
    Total:                      1 512

rt7M_tl.a: [4]
    ABImemclr.o                     6
    ABImemcpy.o                   112
    ABImemset.o                   102
    XXexit.o                       12
    cexit.o                        10
    cmain.o                        22
    copy_init3.o                   46
    cstartup_M.o                   12
    data_init3.o                   44
    memchr.o                       88
    memcmp.o                       98
    strchr.o                       22
    strlen.o                       54
    zero_init3.o                   34
    ---------------------------------------------------
    Total:                        662

simplemac-library.a: [5]
    aes-min.o                     232
    analogue-cell-bias-min.o      192      100
    analogue-filter-min.o          68       76
    analogue-lna-min.o            598                 2
    analogue-min.o                988      122       16
    analogue-mod-dac-min.o        336                 2
    analogue-vco-min.o            216       44        3
    eui64-min.o                    24                 8
    misc-min.o                     68
    phy-common-min.o            1 316      142       33
    phy-library-min.o             198
    phy-min.o                   1 008       48      298
    ---------------------------------------------------
    Total:                      5 244      532      362

    Gaps                           14                 5
    Linker created                          38    1 024
-------------------------------------------------------
    Grand Total:               15 524      634    4 795


*******************************************************************************
*** ENTRY LIST
***

Entry                      Address   Size  Type      Object
-----                      -------   ----  ----      ------
?main                   0x08003e45         Code  Gb  cmain.o [4]
BusFault_Handler        0x080006cf         Code  Wk  cstartup_M.o [1]
CSTACK$$Base            0x20000060          --   Gb  - Linker created -
CSTACK$$Limit           0x20000460          --   Gb  - Linker created -
DebugMon_Handler        0x080006cf         Code  Wk  cstartup_M.o [1]
FLASH_IMAGE$$Base       0x08000000          --   Gb  - Linker created -
FLASH_IMAGE$$Limit      0x08003f1e          --   Gb  - Linker created -
HardFault_Handler       0x080006cf         Code  Wk  cstartup_M.o [1]
MemManage_Handler       0x080006cf         Code  Wk  cstartup_M.o [1]
NMI_Handler             0x080006cf         Code  Wk  cstartup_M.o [1]
Nvdd                    0x20000a42    0x2  Data  Lc  adc.o [1]
Nvss                    0x20000a58    0x2  Data  Lc  adc.o [1]
PendSV_Handler          0x08000d85         Code  Gb  context-switch.o [1]
Region$$Table$$Base     0x08000084          --   Gb  - Linker created -
Region$$Table$$Limit    0x080000a8          --   Gb  - Linker created -
ST_RadioDataPendingLongIdIsrCallback
                        0x080022fb    0x4  Code  Gb  transmit.o [1]
ST_RadioDataPendingShortIdIsrCallback
                        0x080022f9    0x2  Code  Gb  transmit.o [1]
ST_RadioEnableOverflowNotification
                        0x08001f95    0x4  Code  Gb  phy-library-min.o [5]
ST_RadioEnableSfdSentNotification
                        0x08001f7b    0x4  Code  Gb  phy-library-min.o [5]
ST_RadioGetChannel      0x08001f6f    0x4  Code  Gb  phy-library-min.o [5]
ST_RadioGetEui64        0x08001f8f    0x2  Code  Gb  phy-library-min.o [5]
ST_RadioGetNodeId       0x08001f83    0x4  Code  Gb  phy-library-min.o [5]
ST_RadioGetPanId        0x08001f8b    0x4  Code  Gb  phy-library-min.o [5]
ST_RadioGetRandomNumbers
                        0x08001f99    0x4  Code  Gb  phy-library-min.o [5]
ST_RadioInit            0x08001f51   0x16  Code  Gb  phy-library-min.o [5]
ST_RadioMacTimerCompareIsrCallback
                        0x08001ce9    0x2  Code  Gb  solar-system.o [1]
ST_RadioOverflowIsrCallback
                        0x080019db   0x1a  Code  Gb  solar-system.o [1]
ST_RadioReceiveIsrCallback
                        0x08001581   0x42  Code  Gb  solar-system.o [1]
ST_RadioSetChannel      0x08001f6b    0x4  Code  Gb  phy-library-min.o [5]
ST_RadioSetNodeId       0x08001f7f    0x4  Code  Gb  phy-library-min.o [5]
ST_RadioSetPanId        0x08001f87    0x4  Code  Gb  phy-library-min.o [5]
ST_RadioSfdSentIsrCallback
                        0x080022b3   0x22  Code  Gb  transmit.o [1]
ST_RadioTransmit        0x08001f73    0x4  Code  Gb  phy-library-min.o [5]
ST_RadioTransmitCompleteIsrCallback
                        0x080021f9   0xb2  Code  Gb  transmit.o [1]
ST_RadioWake            0x08001f67    0x4  Code  Gb  phy-library-min.o [5]
SVC_Handler             0x080006cf         Code  Wk  cstartup_M.o [1]
SysTick_Handler         0x080006cf         Code  Wk  cstartup_M.o [1]
T2                      0x20000018    0x4  Data  Gb  solar-system.o [1]
T3                      0x2000001c    0x4  Data  Gb  solar-system.o [1]
T5                      0x20000020    0x4  Data  Gb  solar-system.o [1]
TOKEN_MFG_1V8_REG_VOLTAGE
                        0x08000650    0x2  Data  Gb  mfg-token.o [1]
TOKEN_MFG_ANALOG_TRIM_BOOST
                        0x0800064a    0x2  Data  Gb  mfg-token.o [1]
TOKEN_MFG_ANALOG_TRIM_BOTH
                        0x0800064c    0x2  Data  Gb  mfg-token.o [1]
TOKEN_MFG_ANALOG_TRIM_NORMAL
                        0x08000648    0x2  Data  Gb  mfg-token.o [1]
TOKEN_MFG_EUI_64        0x08000656    0x2  Data  Gb  mfg-token.o [1]
TOKEN_MFG_OSC24M_BIAS_TRIM
                        0x08000654    0x2  Data  Gb  mfg-token.o [1]
TOKEN_MFG_PHY_CONFIG    0x08000652    0x2  Data  Gb  mfg-token.o [1]
TOKEN_MFG_REG_TRIM      0x0800064e    0x2  Data  Gb  mfg-token.o [1]
UsageFault_Handler      0x080006cf         Code  Wk  cstartup_M.o [1]
_LitobSmall             0x080035ff   0xc6  Code  Lc  xprintfsmall.o [3]
_PrintfSmall            0x0800325d  0x374  Code  Gb  xprintfsmall.o [3]
_Prout                  0x08003f09   0x16  Code  Gb  xprout.o [3]
__aeabi_assert          0x08000663   0x5a  Code  Gb  xassert.o [3]
__aeabi_memclr          0x08001f49         Code  Gb  ABImemclr.o [4]
__aeabi_memcpy          0x08000a51         Code  Gb  ABImemcpy.o [4]
__aeabi_memcpy4         0x08000a6b         Code  Gb  ABImemcpy.o [4]
__aeabi_memcpy8         0x08000a6b         Code  Gb  ABImemcpy.o [4]
__aeabi_memset          0x08002505         Code  Gb  ABImemset.o [4]
__cmain                 0x08003e45         Code  Gb  cmain.o [4]
__exit                  0x08000b79         Code  Gb  XXexit.o [4]
__iar_EmptyStepPoint    0x08000661    0x2  Code  Gb  xassert.o [3]
__iar_Memchr            0x08003d69         Code  Gb  memchr.o [4]
__iar_Memset            0x08002505         Code  Gb  ABImemset.o [4]
__iar_Memset_word       0x0800250d         Code  Gb  ABImemset.o [4]
__iar_ReportAssert      0x08000777   0x50  Code  Gb  xreportassert.o [3]
__iar_Strchr            0x08003d51         Code  Gb  strchr.o [4]
__iar_copy_init3        0x08000b4b   0x2e  Code  Gb  copy_init3.o [4]
__iar_data_init3        0x08003e5d   0x2c  Code  Gb  data_init3.o [4]
__iar_program_start     0x08003efd         Code  Gb  cstartup_M.o [4]
__iar_zero_init3        0x0800080b   0x22  Code  Gb  zero_init3.o [4]
__low_level_init        0x08000fa9   0xa4  Code  Gb  low_level_init.o [1]
__vector_table          0x08000000         Data  Gb  cstartup_M.o [1]
__write                 0x08000c25   0x44  Code  Gb  uart.o [1]
_call_main              0x08003e51         Code  Gb  cmain.o [4]
_disableBasePri         0x080006bd         Code  Gb  spmr.o [1]
_enableBasePri          0x080024fd         Code  Gb  spmr.o [1]
_exit                   0x08003e91         Code  Gb  cexit.o [4]
_main                   0x08003e57         Code  Gb  cmain.o [4]
_writeBasePri           0x080006c9         Code  Gb  spmr.o [1]
abort                   0x08000801    0xa  Code  Gb  abort.o [3]
abs                     0x08003df7    0x8  Code  Gb  abs.o [3]
activeInNetwork         0x20000011    0x1  Data  Gb  solar-system.o [1]
adcCalibrated           0x20000a3f    0x1  Data  Lc  adc.o [1]
adcConfig               0x20000a50    0x8  Data  Lc  adc.o [1]
adcData                 0x20000a40    0x2  Data  Lc  adc.o [1]
adcPendingConversion    0x20000a3d    0x1  Data  Lc  adc.o [1]
adcPendingRequests      0x20000a3c    0x1  Data  Lc  adc.o [1]
adcReadingValid         0x20000a3e    0x1  Data  Lc  adc.o [1]
adcReadings             0x20000a48    0x8  Data  Lc  adc.o [1]
adcStaticConfig         0x20000a44    0x2  Data  Lc  adc.o [1]
addressMatchingEnabled  0x20000056    0x1  Data  Lc  phy-common-min.o [5]
adjustLna               0x08003a11    0xc  Code  Lc  analogue-lna-min.o [5]
adjustModulationDac     0x0800387d    0xe  Code  Gb  analogue-mod-dac-min.o [5]
adjustVco               0x080037a5   0x22  Code  Lc  analogue-vco-min.o [5]
advanceHead             0x0800206f   0x12  Code  Gb  transmit.o [1]
advanceTail             0x08002081   0x16  Code  Gb  transmit.o [1]
autoAckEnabled          0x20000057    0x1  Data  Lc  phy-common-min.o [5]
autoPollRate            0x20000017    0x1  Data  Gb  solar-system.o [1]
autoSendRate            0x20000016    0x1  Data  Gb  solar-system.o [1]
availableSunFound       0x20000012    0x1  Data  Gb  solar-system.o [1]
biasTrim                0x20000000    0x2  Data  Gb  clocks.o [1]
boostTxPowerMax         0x20000048    0x8  Data  Gb  analogue-min.o [5]
bothTokSerialRegAddress
                        0x0800020c    0x8  Data  Gb  analogue-cell-bias-min.o [5]
calDisableAdc           0x080003bb    0xc  Code  Gb  micro-common-internal.o [1]
calReadAdcBlocking      0x080003fb   0x16  Code  Gb  micro-common-internal.o [1]
calStartAdcConversion   0x080003c7   0x34  Code  Gb  micro-common-internal.o [1]
calculateLqi            0x0800156d   0x14  Code  Gb  solar-system.o [1]
calculateModDacTuneValue
                        0x080038db   0xa6  Code  Lc  analogue-mod-dac-min.o [5]
ccaAttempt              0x20000a63    0x1  Data  Gb  phy-common-min.o [5]
clearDirectQueue        0x08002019   0x36  Code  Gb  transmit.o [1]
clearIndirectQueue      0x0800204f   0x20  Code  Gb  transmit.o [1]
currSeqNum              0x20000015    0x1  Data  Gb  solar-system.o [1]
currentReceiveChannel   0x20000708    0x1  Data  Lc  phy-min.o [5]
determineState          0x0800104d   0x7e  Code  Lc  nvm.o [1]
deviceIsCoordinator     0x20000055    0x1  Data  Lc  phy-common-min.o [5]
diff                    0x20000024    0x4  Data  Gb  solar-system.o [1]
directTransmit          0x08002163   0x38  Code  Gb  transmit.o [1]
directTxTick            0x080020d9   0x44  Code  Gb  transmit.o [1]
droppedAckWorkarounds   0x20000a68    0x4  Data  Gb  phy-common-min.o [5]
edCcaThreshold          0x20000058    0x1  Data  Lc  phy-common-min.o [5]
enqueueTxPacket         0x080021db   0x1e  Code  Gb  transmit.o [1]
erasePage               0x080011c7   0x36  Code  Lc  nvm.o [1]
exit                    0x08003e89    0x8  Code  Gb  exit.o [3]
extraAckWorkarounds     0x20000a80    0x4  Data  Gb  phy-common-min.o [5]
fibToStStatus           0x08000f14    0x8  Data  Lc  flash.o [1]
flashEraseIsActive      0x20000a87    0x1  Data  Gb  flash.o [1]
framePendingBitSetTime  0x20000714    0x4  Data  Gb  phy-min.o [5]
framePendingMsTick      0x2000002e    0x2  Data  Gb  transmit.o [1]
framePendingPktEnroute  0x2000002d    0x1  Data  Gb  transmit.o [1]
framePendingSetInOutgoingAck
                        0x2000070a    0x2  Data  Lc  phy-min.o [5]
getRandomBackoff        0x080025a7   0x36  Code  Gb  phy-common-min.o [5]
halAdcIsr               0x0800029d   0x64  Code  Gb  adc.o [1]
halBaseBandIsr          0x080006cf         Code  Wk  cstartup_M.o [1]
halClearLed             0x08000f57   0x1a  Code  Gb  led.o [1]
halCommonCalibratePads  0x080004a7   0x1e  Code  Gb  micro-common-internal.o [1]
halCommonDelayMicroseconds
                        0x08000509   0x28  Code  Gb  micro-common-internal.o [1]
halCommonDelayMilliseconds
                        0x0800055d   0x1c  Code  Gb  micro-common-internal.o [1]
halCommonGetInt16uMillisecondTick
                        0x080024cd    0xa  Code  Gb  system-timer.o [1]
halCommonGetInt32uMillisecondTick
                        0x080024d7    0xc  Code  Gb  system-timer.o [1]
halCommonGetRandom      0x0800072d   0x1c  Code  Gb  micro.o [1]
halCommonMemCompare     0x0800074d    0xa  Code  Gb  micro.o [1]
halCommonMemCopy        0x08000749    0x4  Code  Gb  micro.o [1]
halCommonReadFromNvm    0x080010cb   0xde  Code  Gb  nvm.o [1]
halCommonSeedRandom     0x08000705   0x18  Code  Gb  micro.o [1]
halCommonWriteToNvm     0x080011fd  0x1cc  Code  Gb  nvm.o [1]
halDebugIsr             0x080006cf         Code  Wk  cstartup_M.o [1]
halFixedAddressTable    0x08040000   0x2c  Data  Gb  low_level_init.o [1]
halGpioConfig           0x080009cd   0x24  Code  Gb  micro-common.o [1]
halInit                 0x080006d1   0x22  Code  Gb  micro.o [1]
halInitButton           0x08000d69   0x16  Code  Gb  button.o [1]
halInitLed              0x08000f1d   0x20  Code  Gb  led.o [1]
halInternalCalibrateFastRc
                        0x0800088b   0x22  Code  Gb  clocks.o [1]
halInternalCalibrateSlowRc
                        0x0800082d   0x5e  Code  Gb  clocks.o [1]
halInternalFlashErase   0x08000df1   0x5a  Code  Gb  flash.o [1]
halInternalFlashWrite   0x08000e4b   0x52  Code  Gb  flash.o [1]
halInternalGetMfgTokenData
                        0x080005e9   0x5c  Code  Gb  mfg-token.o [1]
halInternalInitAdc      0x08000301   0x4c  Code  Gb  adc.o [1]
halInternalResetWatchDog
                        0x080009c5    0x2  Code  Gb  micro-common.o [1]
halInternalSearchForBiasTrim
                        0x080008c7   0x44  Code  Gb  clocks.o [1]
halInternalSetRegTrim   0x080004c5   0x44  Code  Gb  micro-common-internal.o [1]
halInternalStartSystemTimer
                        0x080009f1   0x2e  Code  Gb  micro-common.o [1]
halInternalSwitchToXtal
                        0x0800090b   0x94  Code  Gb  clocks.o [1]
halIrqAIsr              0x080006cf         Code  Wk  cstartup_M.o [1]
halIrqBIsr              0x080006cf         Code  Wk  cstartup_M.o [1]
halIrqCIsr              0x080006cf         Code  Wk  cstartup_M.o [1]
halIrqDIsr              0x080006cf         Code  Wk  cstartup_M.o [1]
halManagementIsr        0x080006cf         Code  Wk  cstartup_M.o [1]
halPendSvIsr            0x08000d85         Code  Gb  context-switch.o [1]
halPendSvSaveContext    0x20000a70         Data  Gb  context-switch.o [1]
halPowerUp              0x080006f3   0x12  Code  Gb  micro.o [1]
halSc1Isr               0x08000c69   0x5a  Code  Gb  uart.o [1]
halSc2Isr               0x080006cf         Code  Wk  cstartup_M.o [1]
halSecurityIsr          0x080006cf         Code  Wk  cstartup_M.o [1]
halSetLed               0x08000f3d   0x1a  Code  Gb  led.o [1]
halSleepTimerIsr        0x080024e3    0xe  Code  Gb  system-timer.o [1]
halStackMacTimerIsr     0x08001fa1   0x1a  Code  Gb  phy-library-min.o [5]
halTimer1Isr            0x080006cf         Code  Wk  cstartup_M.o [1]
halTimer2Isr            0x080006cf         Code  Wk  cstartup_M.o [1]
halToggleLed            0x08000f71   0x2c  Code  Gb  led.o [1]
halTriggerContextRestore
                        0x08000dbd         Code  Gb  context-switch.o [1]
indirectTransmit        0x0800219b   0x2a  Code  Gb  transmit.o [1]
indirectTxTick          0x08002097   0x42  Code  Gb  transmit.o [1]
initNetworkState        0x08001509   0x64  Code  Gb  solar-system.o [1]
isDataPendingForShortId
                        0x080022d5   0x16  Code  Gb  transmit.o [1]
joinCmd                 0x080019f5  0x120  Code  Gb  solar-system.o [1]
lastBackoff             0x20000a64    0x2  Data  Gb  phy-common-min.o [5]
lastTxSfdTime           0x20000a6c    0x4  Data  Gb  phy-common-min.o [5]
lastVcoCalChannel       0x20000a85    0x1  Data  Lc  analogue-vco-min.o [5]
lastVcoValue            0x20000a86    0x1  Data  Lc  analogue-vco-min.o [5]
lnaForceReCal           0x20000a8a    0x2  Data  Gb  analogue-lna-min.o [5]
main                    0x08001bf9   0xbe  Code  Gb  solar-system.o [1]
memchr                  0x08003d69         Code  Gb  memchr.o [4]
memcmp                  0x08000ac1         Code  Gb  memcmp.o [4]
modDacForceReCal        0x20000a8c    0x2  Data  Gb  analogue-mod-dac-min.o [5]
networkJoinedStopSearching
                        0x20000013    0x1  Data  Gb  solar-system.o [1]
normalOrBoostTokSerialRegAddress
                        0x08000214    0xc  Data  Gb  analogue-cell-bias-min.o [5]
nullEui                 0x08000658    0x8  Data  Lc  mfg-token.o [1]
nvmStorageLeft          0x0801f800  0x400  Data  Gb  nvm.o [1]
nvmStorageRight         0x0801fc00  0x400  Data  Gb  nvm.o [1]
out                     0x08000761   0x16  Code  Lc  xreportassert.o [3]
paPresent               0x20000046    0x1  Data  Lc  analogue-min.o [5]
packetRxTime            0x20000718    0x4  Data  Gb  phy-min.o [5]
pad                     0x080035d1   0x2e  Code  Lc  xprintfsmall.o [3]
planetTable             0x200009c4   0x78  Data  Gb  solar-system.o [1]
powerLevelSettings      0x08000108    0x8  Data  Gb  analogue-min.o [5]
previousTemperature     0x20000a88    0x2  Data  Lc  phy-min.o [5]
printf                  0x080024a9   0x24  Code  Gb  printf.o [3]
processRxAddressReceiveCompleteIsr
                        0x08002f09   0x9a  Code  Lc  phy-min.o [5]
processRxPacket         0x080015c3  0x396  Code  Gb  solar-system.o [1]
processRxPacketCompleteIsr
                        0x08002faf  0x11e  Code  Lc  phy-min.o [5]
ptiEnabled              0x20000054    0x1  Data  Lc  phy-common-min.o [5]
putchar                 0x08000b23   0x28  Code  Gb  putchar.o [3]
radioCheckCrc           0x20000052    0x1  Data  Gb  phy-common-min.o [5]
radioCurrentPowerStatus
                        0x2000005b    0x1  Data  Gb  phy-common-min.o [5]
radioPowerState         0x20000010    0x1  Data  Gb  solar-system.o [1]
radioTransmitConfig     0x20000008    0x8  Data  Gb  solar-system.o [1]
readAdcTemperatureChannel
                        0x080031f3   0x22  Code  Lc  phy-min.o [5]
rxBuffer                0x2000071c  0x114  Data  Lc  phy-min.o [5]
rxData                  0x20000830   0x8c  Data  Gb  solar-system.o [1]
rxHead                  0x20000a5a    0x2  Data  Gb  uart.o [1]
rxQ                     0x20000944   0x80  Data  Gb  uart.o [1]
rxTail                  0x20000a5c    0x2  Data  Gb  uart.o [1]
rxUsed                  0x20000a5e    0x2  Data  Gb  uart.o [1]
savedMSP                0x20000a74         Data  Gb  context-switch.o [1]
seed0                   0x20000002    0x2  Data  Lc  micro.o [1]
seed1                   0x20000004    0x2  Data  Lc  micro.o [1]
sendVddDataPacket       0x08001b45   0x26  Code  Gb  solar-system.o [1]
setBiasCheckLow         0x080008ad   0x1a  Code  Lc  clocks.o [1]
setTxStepTime           0x08002add   0x34  Code  Lc  analogue-min.o [5]
shift                   0x0800071d   0x10  Code  Lc  micro.o [1]
shortAddrCounter        0x20000014    0x1  Data  Gb  solar-system.o [1]
sleepTimerInterruptOccurred
                        0x20000a8e    0x1  Data  Lc  system-timer.o [1]
stCalibrateVref         0x0800035d   0x5e  Code  Gb  micro-common-internal.o [1]
stGetEui64              0x08001f9d         Code  Gb  phy-library-min.o [5]
stGetNodeId             0x080029a7    0x6  Code  Gb  phy-common-min.o [5]
stGetPanId              0x080029b7    0x6  Code  Gb  phy-common-min.o [5]
stGetRadioChannel       0x08002d3d    0x6  Code  Gb  analogue-min.o [5]
stGetTxPowerMode        0x08002bb7    0x6  Code  Gb  analogue-min.o [5]
stMeasureVddFast        0x08000411   0x8e  Code  Gb  micro-common-internal.o [1]
stSetRadioPower         0x08002d43   0xd8  Code  Gb  analogue-min.o [5]
stSetTxPowerMode        0x08002b11   0xa6  Code  Gb  analogue-min.o [5]
stmAesEncrypt           0x08003d25   0x2c  Code  Gb  aes-min.o [5]
stmChannelSettings      0x080000a8   0x40  Data  Gb  analogue-min.o [5]
stmDroppedAckStallWorkaround
                        0x0800256d   0x2c  Code  Gb  phy-common-min.o [5]
stmFetchInt32u          0x08003e1b   0x28  Code  Gb  misc-min.o [5]
stmGetKeyFromCore       0x08003c95   0x30  Code  Gb  aes-min.o [5]
stmGetMacTimer          0x0800317f    0x6  Code  Gb  phy-min.o [5]
stmInitEui64            0x080036cd   0x18  Code  Gb  eui64-min.o [5]
stmLoadKeyIntoCore      0x08003c69   0x2c  Code  Gb  aes-min.o [5]
stmLocalEui64           0x20000a78    0x8  Data  Gb  eui64-min.o [5]
stmLocalNodeId          0x2000005c    0x2  Data  Lc  phy-common-min.o [5]
stmLocalPanId           0x2000005e    0x2  Data  Lc  phy-common-min.o [5]
stmLongIdDataPendingForDevice
                        0x08001f91    0x4  Code  Gb  phy-library-min.o [5]
stmMacAckNeeded         0x20000a60    0x1  Data  Gb  phy-common-min.o [5]
stmMfglibMode           0x20000a61    0x1  Data  Gb  phy-common-min.o [5]
stmMfglibTransmitComplete
                        0x20000a62    0x1  Data  Gb  phy-common-min.o [5]
stmPacketReceivedInternalIsrCallback
                        0x08001fc9   0x4e  Code  Gb  phy-library-min.o [5]
stmPhySetCoordinator    0x0800298f   0x18  Code  Gb  phy-common-min.o [5]
stmPhySetEui64          0x08002961   0x2e  Code  Gb  phy-common-min.o [5]
stmPowerLevel           0x080000e8   0x20  Data  Gb  analogue-min.o [5]
stmRadioBootPhySpecific
                        0x08002ea5   0x64  Code  Gb  phy-min.o [5]
stmRadioCalibrateCellBias
                        0x080036e5   0xc0  Code  Gb  analogue-cell-bias-min.o [5]
stmRadioCalibrateChannelFilter
                        0x080039cd   0x44  Code  Gb  analogue-filter-min.o [5]
stmRadioCalibrateLna    0x08003a1d  0x1e6  Code  Gb  analogue-lna-min.o [5]
stmRadioCalibrateModulationDac
                        0x08003981   0x32  Code  Gb  analogue-mod-dac-min.o [5]
stmRadioCalibrateVco    0x080037c7   0x98  Code  Gb  analogue-vco-min.o [5]
stmRadioChannel         0x20000040    0x1  Data  Gb  analogue-min.o [5]
stmRadioEnableAddressMatching
                        0x08002931   0x18  Code  Gb  phy-common-min.o [5]
stmRadioEnableAutoAck   0x08002949   0x18  Code  Gb  phy-common-min.o [5]
stmRadioEnableOverflowNotification
                        0x080029cd   0x18  Code  Gb  phy-common-min.o [5]
stmRadioEnablePacketTrace
                        0x08002a03   0x18  Code  Gb  phy-common-min.o [5]
stmRadioEnableSfdSentNotification
                        0x080029e5   0x1e  Code  Gb  phy-common-min.o [5]
stmRadioGetPowerStatus  0x0800292b    0x6  Code  Gb  phy-common-min.o [5]
stmRadioGetRandomNumbers
                        0x08003185   0x66  Code  Gb  phy-min.o [5]
stmRadioInit            0x0800278b   0xde  Code  Gb  phy-common-min.o [5]
stmRadioOverflowCallbackEnabled
                        0x20000059    0x1  Data  Lc  phy-common-min.o [5]
stmRadioPower           0x20000044    0x1  Data  Gb  analogue-min.o [5]
stmRadioReadSerialReg   0x08002a91    0xc  Code  Gb  analogue-min.o [5]
stmRadioReceiveCrcEnabled
                        0x080029c7    0x6  Code  Gb  phy-common-min.o [5]
stmRadioReceiveIsr      0x080030cd   0xb2  Code  Gb  phy-min.o [5]
stmRadioReceiverFrameStatus
                        0x2000070e    0x2  Data  Gb  phy-min.o [5]
stmRadioReceiverGain    0x20000710    0x2  Data  Gb  phy-min.o [5]
stmRadioResetAndEnableReceive
                        0x08002e6d   0x38  Code  Gb  phy-min.o [5]
stmRadioSetChannel      0x08002bbd  0x180  Code  Gb  analogue-min.o [5]
stmRadioSetEdCcaThreshold
                        0x08002a1b   0x12  Code  Gb  phy-common-min.o [5]
stmRadioSfdSentCallbackEnabled
                        0x2000005a    0x1  Data  Lc  phy-common-min.o [5]
stmRadioSleep           0x08002869   0x6a  Code  Gb  phy-common-min.o [5]
stmRadioTransmit        0x080025dd   0xa4  Code  Gb  phy-common-min.o [5]
stmRadioTransmitCompleteCallback
                        0x08001f77    0x4  Code  Gb  phy-library-min.o [5]
stmRadioTransmitIsr     0x08002681  0x10a  Code  Gb  phy-common-min.o [5]
stmRadioTxPowerMode     0x20000050    0x2  Data  Gb  analogue-min.o [5]
stmRadioUnpackChipErrors
                        0x08002599    0xe  Code  Gb  phy-common-min.o [5]
stmRadioWakeUp          0x080028d3   0x58  Code  Gb  phy-common-min.o [5]
stmRadioWriteSerialReg  0x08002a9d   0x22  Code  Gb  analogue-min.o [5]
stmRxCRCFail            0x2000070c    0x2  Data  Gb  phy-min.o [5]
stmRxPacket             0x20000712    0x2  Data  Gb  phy-min.o [5]
stmSetNodeId            0x080029ad    0xa  Code  Gb  phy-common-min.o [5]
stmSetPanId             0x080029bd    0xa  Code  Gb  phy-common-min.o [5]
stmStandAloneEncryptBlock
                        0x08003cc5   0x46  Code  Gb  aes-min.o [5]
stmStoreInt32u          0x08003dff   0x1c  Code  Gb  misc-min.o [5]
stmTxStepTimeAltRfPath  0x20000045    0x1  Data  Gb  analogue-min.o [5]
stmVcoAutoTuneEnabled   0x20000041    0x1  Data  Gb  analogue-min.o [5]
strchr                  0x08003d51         Code  Gb  strchr.o [4]
strlen                  0x08003dc1         Code  Gb  strlen.o [4]
txDirectQ               0x20000460  0x2a8  Data  Gb  transmit.o [1]
txDirectQHead           0x20000028    0x1  Data  Gb  transmit.o [1]
txDirectQTail           0x20000029    0x1  Data  Gb  transmit.o [1]
txIndirectQ             0x200008bc   0x88  Data  Gb  transmit.o [1]
txPacket                0x20000034    0x4  Data  Gb  transmit.o [1]
txPacketAttemptsLeft    0x2000002a    0x1  Data  Gb  transmit.o [1]
txPacketDroppedNotifcation
                        0x2000003c    0x4  Data  Gb  transmit.o [1]
txPacketInFlight        0x2000002b    0x1  Data  Gb  transmit.o [1]
txPacketInUse           0x20000030    0x4  Data  Gb  transmit.o [1]
txPacketIsDirect        0x2000002c    0x1  Data  Gb  transmit.o [1]
txPacketSfd             0x20000038    0x4  Data  Gb  transmit.o [1]
txTick                  0x08002143   0x20  Code  Gb  transmit.o [1]
uartInit                0x08000b85   0xa0  Code  Gb  uart.o [1]
vcoLastTuneValueAvailable
                        0x20000a84    0x1  Data  Gb  analogue-vco-min.o [5]
vcoTuneModDacError      0x0800388b   0x42  Code  Lc  analogue-mod-dac-min.o [5]
verifyFib               0x08000dcd   0x24  Code  Lc  flash.o [1]


[1] = E:\实验4 无线传感器节点多点通信实验 - 副本 - 副本\工程源代码\simplemac\demos\sample\MB851_PLANET1\Obj
[2] = command line
[3] = dl7M_tln.a
[4] = rt7M_tl.a
[5] = simplemac-library.a

  15 524 bytes of readonly  code memory
     634 bytes of readonly  data memory
   4 795 bytes of readwrite data memory

Errors: none
Warnings: none
