###############################################################################
#                                                                             #
# IAR ELF Linker V6.10.1.52143/W32 for ARM              18/Jul/2014  09:08:09 #
# Copyright 2007-2010 IAR Systems AB.                                         #
#                                                                             #
#    Output file  =  F:\Project-related\STM32W108\myCode\ÊµÑé4                #
#                    16µã×éÍø\¹¤³ÌÔ´´úÂë\simplemac\demos\sample\MB851_SUN\Exe #
#                    \sample_sun.out                                          #
#    Map file     =  F:\Project-related\STM32W108\myCode\ÊµÑé4                #
#                    16µã×éÍø\¹¤³ÌÔ´´úÂë\simplemac\demos\sample\MB851_SUN\Lis #
#                    t\sample_sun.map                                         #
#    Command line =  "F:\Project-related\STM32W108\myCode\ÊµÑé4               #
#                    16µã×éÍø\¹¤³ÌÔ´´úÂë\simplemac\demos\sample\MB851_SUN\Obj #
#                    \adc.o" "F:\Project-related\STM32W108\myCode\ÊµÑé4       #
#                    16µã×éÍø\¹¤³ÌÔ´´úÂë\simplemac\demos\sample\MB851_SUN\Obj #
#                    \button.o" "F:\Project-related\STM32W108\myCode\ÊµÑé4    #
#                    16µã×éÍø\¹¤³ÌÔ´´úÂë\simplemac\demos\sample\MB851_SUN\Obj #
#                    \clocks.o" "F:\Project-related\STM32W108\myCode\ÊµÑé4    #
#                    16µã×éÍø\¹¤³ÌÔ´´úÂë\simplemac\demos\sample\MB851_SUN\Obj #
#                    \context-switch.o" "F:\Project-related\STM32W108\myCode\ #
#                    ÊµÑé4 16µã×éÍø\¹¤³ÌÔ´´úÂë\simplemac\demos\sample\MB851_S #
#                    UN\Obj\cstartup_M.o" "F:\Project-related\STM32W108\myCod #
#                    e\ÊµÑé4 16µã×éÍø\¹¤³ÌÔ´´úÂë\simplemac\demos\sample\MB851 #
#                    _SUN\Obj\flash.o" "F:\Project-related\STM32W108\myCode\Ê #
#                    µÑé4 16µã×éÍø\¹¤³ÌÔ´´úÂë\simplemac\demos\sample\MB851_SU #
#                    N\Obj\led.o" "F:\Project-related\STM32W108\myCode\ÊµÑé4  #
#                    16µã×éÍø\¹¤³ÌÔ´´úÂë\simplemac\demos\sample\MB851_SUN\Obj #
#                    \low_level_init.o" "F:\Project-related\STM32W108\myCode\ #
#                    ÊµÑé4 16µã×éÍø\¹¤³ÌÔ´´úÂë\simplemac\demos\sample\MB851_S #
#                    UN\Obj\mfg-token.o" "F:\Project-related\STM32W108\myCode #
#                    \ÊµÑé4 16µã×éÍø\¹¤³ÌÔ´´úÂë\simplemac\demos\sample\MB851_ #
#                    SUN\Obj\micro-common-internal.o"                         #
#                    "F:\Project-related\STM32W108\myCode\ÊµÑé4               #
#                    16µã×éÍø\¹¤³ÌÔ´´úÂë\simplemac\demos\sample\MB851_SUN\Obj #
#                    \micro-common.o" "F:\Project-related\STM32W108\myCode\Êµ #
#                    Ñé4 16µã×éÍø\¹¤³ÌÔ´´úÂë\simplemac\demos\sample\MB851_SUN #
#                    \Obj\micro.o" "F:\Project-related\STM32W108\myCode\ÊµÑé4 #
#                     16µã×éÍø\¹¤³ÌÔ´´úÂë\simplemac\demos\sample\MB851_SUN\Ob #
#                    j\nvm.o" "F:\Project-related\STM32W108\myCode\ÊµÑé4      #
#                    16µã×éÍø\¹¤³ÌÔ´´úÂë\simplemac\demos\sample\MB851_SUN\Obj #
#                    \sleep.o" "F:\Project-related\STM32W108\myCode\ÊµÑé4     #
#                    16µã×éÍø\¹¤³ÌÔ´´úÂë\simplemac\demos\sample\MB851_SUN\Obj #
#                    \solar-system.o" "F:\Project-related\STM32W108\myCode\Êµ #
#                    Ñé4 16µã×éÍø\¹¤³ÌÔ´´úÂë\simplemac\demos\sample\MB851_SUN #
#                    \Obj\spmr.o" "F:\Project-related\STM32W108\myCode\ÊµÑé4  #
#                    16µã×éÍø\¹¤³ÌÔ´´úÂë\simplemac\demos\sample\MB851_SUN\Obj #
#                    \system-timer.o" "F:\Project-related\STM32W108\myCode\Êµ #
#                    Ñé4 16µã×éÍø\¹¤³ÌÔ´´úÂë\simplemac\demos\sample\MB851_SUN #
#                    \Obj\transmit.o" "F:\Project-related\STM32W108\myCode\Êµ #
#                    Ñé4 16µã×éÍø\¹¤³ÌÔ´´úÂë\simplemac\demos\sample\MB851_SUN #
#                    \Obj\uart.o" "F:\Project-related\STM32W108\myCode\ÊµÑé4  #
#                    16µã×éÍø\¹¤³ÌÔ´´úÂë\simplemac\library\simplemac-library. #
#                    a" --redirect _Printf=_PrintfSmall --redirect            #
#                    _Scanf=_ScanfSmall -o "F:\Project-related\STM32W108\myCo #
#                    de\ÊµÑé4 16µã×éÍø\¹¤³ÌÔ´´úÂë\simplemac\demos\sample\MB85 #
#                    1_SUN\Exe\sample_sun.out" --map                          #
#                    "F:\Project-related\STM32W108\myCode\ÊµÑé4               #
#                    16µã×éÍø\¹¤³ÌÔ´´úÂë\simplemac\demos\sample\MB851_SUN\Lis #
#                    t\sample_sun.map" --log initialization,modules,sections, #
#                    veneers --log_file "F:\Project-related\STM32W108\myCode\ #
#                    ÊµÑé4 16µã×éÍø\¹¤³ÌÔ´´úÂë\simplemac\demos\sample\MB851_S #
#                    UN\List\sample_sun.log" --config                         #
#                    "F:\Project-related\STM32W108\myCode\ÊµÑé4               #
#                    16µã×éÍø\¹¤³ÌÔ´´úÂë\simplemac\demos\sample/../../../hal/ #
#                    micro/cortexm3/stm32w108/iar-cfg.icf" --diag_suppress    #
#                    Lp012 --entry __iar_program_start                        #
#                                                                             #
#                                                                             #
###############################################################################

*******************************************************************************
*** RUNTIME MODEL ATTRIBUTES
***

CppFlavor       = *
__SystemLibrary = DLib


*******************************************************************************
*** PLACEMENT SUMMARY
***

"A1":  place at 0x08040000 { section FAT };
"P1":  place in [from 0x08000000 to 0x0801ffff] { block FLASH_IMAGE };
"A2":  place at end of [0x08000000-0x0801ffff] { section NVM };
"P2":  place in [from 0x20000000 to 0x20001fff] { rw, block CSTACK };

  Section              Kind        Address    Size  Object
  -------              ----        -------    ----  ------
"P1":                                       0x4640
  FLASH_IMAGE                   0x08000000  0x463e  <Block>
    .intvec            ro code  0x08000000    0x84  cstartup_M.o [1]
    .iar.init_table    const    0x08000084    0x24  - Linker created -
    .rodata            const    0x080000a8    0x40  analogue-min.o [6]
    .rodata            const    0x080000e8    0x20  analogue-min.o [6]
    .rodata            const    0x08000108     0x8  analogue-min.o [6]
    .rodata            const    0x08000110    0x80  phy-common-min.o [6]
    .rodata            const    0x08000190    0x30  phy-min.o [6]
    .rodata            const    0x080001c0    0x4c  analogue-filter-min.o [6]
    .rodata            const    0x0800020c    0x64  analogue-cell-bias-min.o [6]
    .rodata            const    0x08000270    0x2c  analogue-vco-min.o [6]
    .text              ro code  0x0800029c    0xc0  adc.o [1]
    .text              ro code  0x0800035c   0x290  micro-common-internal.o [1]
    .text              ro code  0x080005ec    0x78  mfg-token.o [1]
    .text              ro code  0x08000664    0x5c  xassert.o [3]
    .text              ro code  0x080006c0     0xc  spmr.o [1]
    .text              ro code  0x080006cc     0x6  spmr.o [1]
    .text              ro code  0x080006d2     0x2  cstartup_M.o [1]
    .text              ro code  0x080006d4    0x90  micro.o [1]
    .text              ro code  0x08000764    0xa0  xreportassert.o [3]
    .text              ro code  0x08000804     0xa  abort.o [3]
    .text              ro code  0x0800080e    0x22  zero_init3.o [5]
    .text              ro code  0x08000830   0x198  clocks.o [1]
    .text              ro code  0x080009c8    0x80  micro-common.o [1]
    .text              ro code  0x08000a48    0x70  ABImemcpy.o [5]
    .text              ro code  0x08000ab8    0x62  memcmp.o [5]
    .text              ro code  0x08000b1a    0x28  putchar.o [3]
    .text              ro code  0x08000b42    0x2e  copy_init3.o [5]
    .text              ro code  0x08000b70     0xc  XXexit.o [5]
    .text              ro code  0x08000b7c   0x248  uart.o [1]
    .text              ro code  0x08000dc4    0x50  button.o [1]
    .text              ro code  0x08000e14    0x38  context-switch.o [1]
    .text              ro code  0x08000e4c    0x10  context-switch.o [1]
    .text              ro code  0x08000e5c   0x154  flash.o [1]
    .text              ro code  0x08000fb0    0x70  led.o [1]
    .text              ro code  0x08001020    0xa4  low_level_init.o [1]
    .text              ro code  0x080010c4   0x4bc  nvm.o [1]
    .text              ro code  0x08001580   0xb18  solar-system.o [1]
    .text              ro code  0x08002098     0x6  ABImemclr.o [5]
    .text              ro code  0x080020a0    0xc6  phy-library-min.o [6]
    .text              ro code  0x08002168   0x498  transmit.o [1]
    .text              ro code  0x08002600    0x24  printf.o [3]
    .text              ro code  0x08002624    0x3c  system-timer.o [1]
    .text              ro code  0x08002660    0x2e  I32ToDbl.o [4]
    .text              ro code  0x08002690   0x17e  DblSub.o [4]
    .text              ro code  0x08002810    0xe6  DblAdd.o [4]
    .text              ro code  0x080028f8    0x2e  DblCmpLe.o [4]
    .text              ro code  0x08002928   0x246  DblDiv.o [4]
    .text              ro code  0x08002b70    0x56  DblToI32.o [4]
    .text              ro code  0x08002bc8     0x8  spmr.o [1]
    .text              ro code  0x08002bd0    0x66  ABImemset.o [5]
    .text              ro code  0x08002c38   0x544  phy-common-min.o [6]
    .text              ro code  0x0800317c   0x3d8  analogue-min.o [6]
    .text              ro code  0x08003554   0x3f0  phy-min.o [6]
    .text              ro code  0x08003944   0x470  xprintfsmall.o [3]
    .text              ro code  0x08003db4    0x18  eui64-min.o [6]
    .text              ro code  0x08003dcc    0xc0  analogue-cell-bias-min.o [6]
    .text              ro code  0x08003e8c    0xd8  analogue-vco-min.o [6]
    .text              ro code  0x08003f64   0x150  analogue-mod-dac-min.o [6]
    .text              ro code  0x080040b4    0x44  analogue-filter-min.o [6]
    .text              ro code  0x080040f8   0x256  analogue-lna-min.o [6]
    .text              ro code  0x08004350    0xe8  aes-min.o [6]
    .text              ro code  0x08004438    0x16  strchr.o [5]
    .text              ro code  0x08004450    0x58  memchr.o [5]
    .text              ro code  0x080044a8    0x36  strlen.o [5]
    .text              ro code  0x080044de     0x8  abs.o [3]
    .text              ro code  0x080044e6    0x44  misc-min.o [6]
    .text              ro code  0x0800452c    0x16  cmain.o [5]
    .text              ro code  0x08004544    0x2c  data_init3.o [5]
    .text              ro code  0x08004570     0x8  exit.o [3]
    .text              ro code  0x08004578     0xa  cexit.o [5]
    Initializer bytes  ro data  0x08004584    0x98  <for P2-1> (used: 0x94)
    .text              ro code  0x0800461c     0xc  cstartup_M.o [5]
    .text              ro code  0x08004628    0x16  xprout.o [3]
                              - 0x0800463e  0x463e

"A2":                                        0x800
  NVM                  uninit   0x0801f800   0x400  nvm.o [1]
  NVM                  uninit   0x0801fc00   0x400  nvm.o [1]
                              - 0x08020000   0x800

"A1":                                         0x2c
  FAT                  uninit   0x08040000    0x2c  low_level_init.o [1]
                              - 0x0804002c    0x2c

"P2", part 1 of 3:                            0x98
  P2-1                          0x20000000    0x94  <Init block>
    .data              inited   0x20000000     0x2  clocks.o [1]
    .data              inited   0x20000002     0x4  micro.o [1]
    .data              inited   0x20000008     0x8  solar-system.o [1]
    .data              inited   0x20000010    0x4c  solar-system.o [1]
    .data              inited   0x2000005c    0x18  transmit.o [1]
    .data              inited   0x20000074     0x2  analogue-min.o [6]
    .data              inited   0x20000078     0xe  analogue-min.o [6]
    .data              inited   0x20000086     0x1  phy-common-min.o [6]
    .data              inited   0x20000088     0xc  phy-common-min.o [6]
  CSTACK               const    0x20000094     0x0  context-switch.o [1]
  CSTACK               const    0x20000094     0x0  spmr.o [1]
  RESETINFO            const    0x20000094     0x0  context-switch.o [1]
  RESETINFO            const    0x20000094     0x0  spmr.o [1]
                              - 0x20000094    0x94

"P2", part 2 of 3:                           0x400
  CSTACK                        0x20000098   0x400  <Block>
    CSTACK             uninit   0x20000098   0x400  <Block tail>
                              - 0x20000498   0x400

"P2", part 3 of 3:                           0x630
  .bss                 zero     0x20000498   0x2a8  transmit.o [1]
  .bss                 zero     0x20000740   0x128  phy-min.o [6]
  .bss                 zero     0x20000868    0x8c  solar-system.o [1]
  .bss                 zero     0x200008f4    0x88  transmit.o [1]
  .bss                 zero     0x2000097c    0x80  uart.o [1]
  .bss                 zero     0x200009fc    0x78  solar-system.o [1]
  .bss                 zero     0x20000a74    0x1e  adc.o [1]
  .bss                 zero     0x20000a92     0x6  uart.o [1]
  .bss                 zero     0x20000a98    0x10  phy-common-min.o [6]
  .bss                 zero     0x20000aa8     0x8  context-switch.o [1]
  .bss                 zero     0x20000ab0     0x8  eui64-min.o [6]
  .bss                 zero     0x20000ab8     0x4  phy-common-min.o [6]
  .bss                 zero     0x20000abc     0x3  analogue-vco-min.o [6]
  .bss                 zero     0x20000abf     0x1  flash.o [1]
  .bss                 zero     0x20000ac0     0x2  phy-min.o [6]
  .bss                 zero     0x20000ac2     0x2  analogue-lna-min.o [6]
  .bss                 zero     0x20000ac4     0x2  analogue-mod-dac-min.o [6]
  .bss                 zero     0x20000ac6     0x1  system-timer.o [1]
                              - 0x20000ac7   0x62f


*******************************************************************************
*** INIT TABLE
***

          Address     Size
          -------     ----
Zero (__iar_zero_init3)
    1 destination range, total size 0x62f:
          0x20000498  0x62f

Copy (__iar_copy_init3)
    1 source range, total size 0x98 (102% of destination):
          0x08004584   0x98
    1 destination range, total size 0x94:
          0x20000000   0x94


*******************************************************************************
*** MODULE SUMMARY
***

    Module                    ro code  ro data  rw data
    ------                    -------  -------  -------
F:\Project-related\STM32W108\myCode\ÊµÑé4 16µã×éÍø\¹¤³ÌÔ´´úÂë\simplemac\demos\sample\MB851_SUN\Obj: [1]
    adc.o                         192                30
    button.o                       80
    clocks.o                      408        2        2
    context-switch.o               72                 8
    cstartup_M.o                  134
    flash.o                       340                 1
    led.o                         112
    low_level_init.o              164                44
    mfg-token.o                   120
    micro-common-internal.o       656
    micro-common.o                128
    micro.o                       144        4        4
    nvm.o                       1 212             2 048
    solar-system.o              2 840       86      344
    spmr.o                         26
    system-timer.o                 60                 1
    transmit.o                  1 176       24      840
    uart.o                        584               134
    ---------------------------------------------------
    Total:                      8 448      116    3 456

command line: [2]
    ---------------------------------------------------
    Total:

dl7M_tln.a: [3]
    abort.o                        10
    abs.o                           8
    exit.o                          8
    printf.o                       36
    putchar.o                      40
    xassert.o                      92
    xprintfsmall.o              1 136
    xprout.o                       22
    xreportassert.o               160
    ---------------------------------------------------
    Total:                      1 512

m7M_tl.a: [4]
    DblAdd.o                      230
    DblCmpLe.o                     46
    DblDiv.o                      582
    DblSub.o                      382
    DblToI32.o                     86
    I32ToDbl.o                     46
    ---------------------------------------------------
    Total:                      1 372

rt7M_tl.a: [5]
    ABImemclr.o                     6
    ABImemcpy.o                   112
    ABImemset.o                   102
    XXexit.o                       12
    cexit.o                        10
    cmain.o                        22
    copy_init3.o                   46
    cstartup_M.o                   12
    data_init3.o                   44
    memchr.o                       88
    memcmp.o                       98
    strchr.o                       22
    strlen.o                       54
    zero_init3.o                   34
    ---------------------------------------------------
    Total:                        662

simplemac-library.a: [6]
    aes-min.o                     232
    analogue-cell-bias-min.o      192      100
    analogue-filter-min.o          68       76
    analogue-lna-min.o            598                 2
    analogue-min.o                984      122       16
    analogue-mod-dac-min.o        336                 2
    analogue-vco-min.o            216       44        3
    eui64-min.o                    24                 8
    misc-min.o                     68
    phy-common-min.o            1 348      142       33
    phy-library-min.o             198
    phy-min.o                   1 008       48      298
    ---------------------------------------------------
    Total:                      5 272      532      362

    Gaps                           26                 5
    Linker created                          42    1 024
-------------------------------------------------------
    Grand Total:               17 292      690    4 847


*******************************************************************************
*** ENTRY LIST
***

Entry                      Address   Size  Type      Object
-----                      -------   ----  ----      ------
?main                   0x0800452d         Code  Gb  cmain.o [5]
BusFault_Handler        0x080006d3         Code  Wk  cstartup_M.o [1]
CSTACK$$Base            0x20000098          --   Gb  - Linker created -
CSTACK$$Limit           0x20000498          --   Gb  - Linker created -
DebugMon_Handler        0x080006d3         Code  Wk  cstartup_M.o [1]
FLASH_IMAGE$$Base       0x08000000          --   Gb  - Linker created -
FLASH_IMAGE$$Limit      0x0800463e          --   Gb  - Linker created -
HardFault_Handler       0x080006d3         Code  Wk  cstartup_M.o [1]
MemManage_Handler       0x080006d3         Code  Wk  cstartup_M.o [1]
NMI_Handler             0x080006d3         Code  Wk  cstartup_M.o [1]
Nvdd                    0x20000a7a    0x2  Data  Lc  adc.o [1]
Nvss                    0x20000a90    0x2  Data  Lc  adc.o [1]
PendSV_Handler          0x08000e15         Code  Gb  context-switch.o [1]
Region$$Table$$Base     0x08000084          --   Gb  - Linker created -
Region$$Table$$Limit    0x080000a8          --   Gb  - Linker created -
ST_RadioDataPendingLongIdIsrCallback
                        0x08002453    0x4  Code  Gb  transmit.o [1]
ST_RadioDataPendingShortIdIsrCallback
                        0x08002451    0x2  Code  Gb  transmit.o [1]
ST_RadioEnableOverflowNotification
                        0x080020e1    0x4  Code  Gb  phy-library-min.o [6]
ST_RadioEnableSfdSentNotification
                        0x080020c7    0x4  Code  Gb  phy-library-min.o [6]
ST_RadioEnergyDetection
                        0x080020e5    0x4  Code  Gb  phy-library-min.o [6]
ST_RadioGetEui64        0x080020db    0x2  Code  Gb  phy-library-min.o [6]
ST_RadioGetNodeId       0x080020cf    0x4  Code  Gb  phy-library-min.o [6]
ST_RadioGetPanId        0x080020d7    0x4  Code  Gb  phy-library-min.o [6]
ST_RadioGetRandomNumbers
                        0x080020e9    0x4  Code  Gb  phy-library-min.o [6]
ST_RadioInit            0x080020a1   0x16  Code  Gb  phy-library-min.o [6]
ST_RadioMacTimerCompareIsrCallback
                        0x08001e89    0x2  Code  Gb  solar-system.o [1]
ST_RadioOverflowIsrCallback
                        0x08001b2d   0x1a  Code  Gb  solar-system.o [1]
ST_RadioReceiveIsrCallback
                        0x080015f9   0x42  Code  Gb  solar-system.o [1]
ST_RadioSetChannel      0x080020bb    0x4  Code  Gb  phy-library-min.o [6]
ST_RadioSetNodeId       0x080020cb    0x4  Code  Gb  phy-library-min.o [6]
ST_RadioSetPanId        0x080020d3    0x4  Code  Gb  phy-library-min.o [6]
ST_RadioSfdSentIsrCallback
                        0x0800240b   0x22  Code  Gb  transmit.o [1]
ST_RadioTransmit        0x080020bf    0x4  Code  Gb  phy-library-min.o [6]
ST_RadioTransmitCompleteIsrCallback
                        0x08002351   0xb2  Code  Gb  transmit.o [1]
ST_RadioWake            0x080020b7    0x4  Code  Gb  phy-library-min.o [6]
SVC_Handler             0x080006d3         Code  Wk  cstartup_M.o [1]
SysTick_Handler         0x080006d3         Code  Wk  cstartup_M.o [1]
T1                      0x20000048    0x4  Data  Gb  solar-system.o [1]
T2                      0x2000004c    0x4  Data  Gb  solar-system.o [1]
T3                      0x20000050    0x4  Data  Gb  solar-system.o [1]
T4                      0x20000054    0x4  Data  Gb  solar-system.o [1]
TOKEN_MFG_1V8_REG_VOLTAGE
                        0x08000654    0x2  Data  Gb  mfg-token.o [1]
TOKEN_MFG_ANALOG_TRIM_BOOST
                        0x0800064e    0x2  Data  Gb  mfg-token.o [1]
TOKEN_MFG_ANALOG_TRIM_BOTH
                        0x08000650    0x2  Data  Gb  mfg-token.o [1]
TOKEN_MFG_ANALOG_TRIM_NORMAL
                        0x0800064c    0x2  Data  Gb  mfg-token.o [1]
TOKEN_MFG_EUI_64        0x0800065a    0x2  Data  Gb  mfg-token.o [1]
TOKEN_MFG_OSC24M_BIAS_TRIM
                        0x08000658    0x2  Data  Gb  mfg-token.o [1]
TOKEN_MFG_PHY_CONFIG    0x08000656    0x2  Data  Gb  mfg-token.o [1]
TOKEN_MFG_REG_TRIM      0x08000652    0x2  Data  Gb  mfg-token.o [1]
TT1                     0x20000020    0x8  Data  Gb  solar-system.o [1]
TT2                     0x20000028    0x8  Data  Gb  solar-system.o [1]
TT3                     0x20000030    0x8  Data  Gb  solar-system.o [1]
TT4                     0x20000038    0x8  Data  Gb  solar-system.o [1]
UsageFault_Handler      0x080006d3         Code  Wk  cstartup_M.o [1]
_LitobSmall             0x08003ce7   0xc6  Code  Lc  xprintfsmall.o [3]
_PrintfSmall            0x08003945  0x374  Code  Gb  xprintfsmall.o [3]
_Prout                  0x08004629   0x16  Code  Gb  xprout.o [3]
__aeabi_assert          0x08000667   0x5a  Code  Gb  xassert.o [3]
__aeabi_cdcmple         0x080028f9         Code  Gb  DblCmpLe.o [4]
__aeabi_d2iz            0x08002b71         Code  Gb  DblToI32.o [4]
__aeabi_d2uiz           0x08002b9d         Code  Gb  DblToI32.o [4]
__aeabi_dadd            0x08002811         Code  Gb  DblAdd.o [4]
__aeabi_ddiv            0x08002929         Code  Gb  DblDiv.o [4]
__aeabi_dsub            0x08002691         Code  Gb  DblSub.o [4]
__aeabi_i2d             0x08002661         Code  Gb  I32ToDbl.o [4]
__aeabi_memclr          0x08002099         Code  Gb  ABImemclr.o [5]
__aeabi_memcpy          0x08000a49         Code  Gb  ABImemcpy.o [5]
__aeabi_memcpy4         0x08000a63         Code  Gb  ABImemcpy.o [5]
__aeabi_memcpy8         0x08000a63         Code  Gb  ABImemcpy.o [5]
__aeabi_memset          0x08002bd1         Code  Gb  ABImemset.o [5]
__aeabi_ui2d            0x08002675         Code  Gb  I32ToDbl.o [4]
__cmain                 0x0800452d         Code  Gb  cmain.o [5]
__exit                  0x08000b71         Code  Gb  XXexit.o [5]
__iar_EmptyStepPoint    0x08000665    0x2  Code  Gb  xassert.o [3]
__iar_Memchr            0x08004451         Code  Gb  memchr.o [5]
__iar_Memset            0x08002bd1         Code  Gb  ABImemset.o [5]
__iar_Memset_word       0x08002bd9         Code  Gb  ABImemset.o [5]
__iar_ReportAssert      0x0800077b   0x50  Code  Gb  xreportassert.o [3]
__iar_Strchr            0x08004439         Code  Gb  strchr.o [5]
__iar_copy_init3        0x08000b43   0x2e  Code  Gb  copy_init3.o [5]
__iar_d2uiz             0x08002ba7         Code  Gb  DblToI32.o [4]
__iar_dadd              0x08002823         Code  Gb  DblAdd.o [4]
__iar_data_init3        0x08004545   0x2c  Code  Gb  data_init3.o [5]
__iar_dsub              0x080026a3         Code  Gb  DblSub.o [4]
__iar_dsubStart         0x080026b5         Code  Gb  DblSub.o [4]
__iar_program_start     0x0800461d         Code  Gb  cstartup_M.o [5]
__iar_ui2d              0x08002677         Code  Gb  I32ToDbl.o [4]
__iar_zero_init3        0x0800080f   0x22  Code  Gb  zero_init3.o [5]
__io_getcharNonBlocking
                        0x08000d2d   0x14  Code  Gb  uart.o [1]
__low_level_init        0x08001021   0xa4  Code  Gb  low_level_init.o [1]
__read                  0x08000c61   0x50  Code  Gb  uart.o [1]
__vector_table          0x08000000         Data  Gb  cstartup_M.o [1]
__write                 0x08000c1d   0x44  Code  Gb  uart.o [1]
_call_main              0x08004539         Code  Gb  cmain.o [5]
_disableBasePri         0x080006c1         Code  Gb  spmr.o [1]
_enableBasePri          0x08002bc9         Code  Gb  spmr.o [1]
_exit                   0x08004579         Code  Gb  cexit.o [5]
_main                   0x0800453f         Code  Gb  cmain.o [5]
_writeBasePri           0x080006cd         Code  Gb  spmr.o [1]
abort                   0x08000805    0xa  Code  Gb  abort.o [3]
abs                     0x080044df    0x8  Code  Gb  abs.o [3]
activeInNetwork         0x20000011    0x1  Data  Gb  solar-system.o [1]
adcCalibrated           0x20000a77    0x1  Data  Lc  adc.o [1]
adcConfig               0x20000a88    0x8  Data  Lc  adc.o [1]
adcData                 0x20000a78    0x2  Data  Lc  adc.o [1]
adcPendingConversion    0x20000a75    0x1  Data  Lc  adc.o [1]
adcPendingRequests      0x20000a74    0x1  Data  Lc  adc.o [1]
adcReadingValid         0x20000a76    0x1  Data  Lc  adc.o [1]
adcReadings             0x20000a80    0x8  Data  Lc  adc.o [1]
adcStaticConfig         0x20000a7c    0x2  Data  Lc  adc.o [1]
addressMatchingEnabled  0x2000008a    0x1  Data  Lc  phy-common-min.o [6]
adjustLna               0x080040f9    0xc  Code  Lc  analogue-lna-min.o [6]
adjustModulationDac     0x08003f65    0xe  Code  Gb  analogue-mod-dac-min.o [6]
adjustVco               0x08003e8d   0x22  Code  Lc  analogue-vco-min.o [6]
advanceHead             0x080021bf   0x12  Code  Gb  transmit.o [1]
advanceTail             0x080021d1   0x16  Code  Gb  transmit.o [1]
autoAckEnabled          0x2000008b    0x1  Data  Lc  phy-common-min.o [6]
autoPollRate            0x20000017    0x1  Data  Gb  solar-system.o [1]
autoSendRate            0x20000016    0x1  Data  Gb  solar-system.o [1]
availableSunFound       0x20000012    0x1  Data  Gb  solar-system.o [1]
back                    0x20000058    0x4  Data  Gb  solar-system.o [1]
biasTrim                0x20000000    0x2  Data  Gb  clocks.o [1]
boostTxPowerMax         0x2000007c    0x8  Data  Gb  analogue-min.o [6]
bothTokSerialRegAddress
                        0x0800020c    0x8  Data  Gb  analogue-cell-bias-min.o [6]
calDisableAdc           0x080003bb    0xc  Code  Gb  micro-common-internal.o [1]
calReadAdcBlocking      0x080003fb   0x16  Code  Gb  micro-common-internal.o [1]
calStartAdcConversion   0x080003c7   0x34  Code  Gb  micro-common-internal.o [1]
calculateLqi            0x080015e5   0x14  Code  Gb  solar-system.o [1]
calculateModDacTuneValue
                        0x08003fc3   0xa6  Code  Lc  analogue-mod-dac-min.o [6]
ccaAttempt              0x20000a9b    0x1  Data  Gb  phy-common-min.o [6]
clearDirectQueue        0x08002169   0x36  Code  Gb  transmit.o [1]
clearIndirectQueue      0x0800219f   0x20  Code  Gb  transmit.o [1]
counter2                0x20000018    0x2  Data  Gb  solar-system.o [1]
currSeqNum              0x20000015    0x1  Data  Gb  solar-system.o [1]
currentReceiveChannel   0x20000740    0x1  Data  Lc  phy-min.o [6]
determineState          0x080010c5   0x7e  Code  Lc  nvm.o [1]
deviceIsCoordinator     0x20000089    0x1  Data  Lc  phy-common-min.o [6]
directTransmit          0x080022bb   0x38  Code  Gb  transmit.o [1]
directTxTick            0x08002229   0x44  Code  Gb  transmit.o [1]
droppedAckWorkarounds   0x20000aa0    0x4  Data  Gb  phy-common-min.o [6]
edCcaThreshold          0x2000008c    0x1  Data  Lc  phy-common-min.o [6]
enqueueTxPacket         0x08002333   0x1e  Code  Gb  transmit.o [1]
erasePage               0x0800123f   0x36  Code  Lc  nvm.o [1]
exit                    0x08004571    0x8  Code  Gb  exit.o [3]
extraAckWorkarounds     0x20000ab8    0x4  Data  Gb  phy-common-min.o [6]
fibToStStatus           0x08000fa8    0x8  Data  Lc  flash.o [1]
flashEraseIsActive      0x20000abf    0x1  Data  Gb  flash.o [1]
formCmd                 0x08001b47   0xbc  Code  Gb  solar-system.o [1]
framePendingBitSetTime  0x2000074c    0x4  Data  Gb  phy-min.o [6]
framePendingMsTick      0x20000062    0x2  Data  Gb  transmit.o [1]
framePendingPktEnroute  0x20000061    0x1  Data  Gb  transmit.o [1]
framePendingSetInOutgoingAck
                        0x20000742    0x2  Data  Lc  phy-min.o [6]
getRandomBackoff        0x08002c73   0x36  Code  Gb  phy-common-min.o [6]
halAdcIsr               0x0800029d   0x64  Code  Gb  adc.o [1]
halBaseBandIsr          0x080006d3         Code  Wk  cstartup_M.o [1]
halClearLed             0x08000fd1   0x1a  Code  Gb  led.o [1]
halCommonCalibratePads  0x080004a7   0x1e  Code  Gb  micro-common-internal.o [1]
halCommonDelayMicroseconds
                        0x08000509   0x28  Code  Gb  micro-common-internal.o [1]
halCommonDelayMilliseconds
                        0x0800055d   0x1c  Code  Gb  micro-common-internal.o [1]
halCommonGetInt16uMillisecondTick
                        0x08002625    0xa  Code  Gb  system-timer.o [1]
halCommonGetInt32uMillisecondTick
                        0x0800262f    0xc  Code  Gb  system-timer.o [1]
halCommonGetRandom      0x08000731   0x1c  Code  Gb  micro.o [1]
halCommonMemCompare     0x08000751    0xa  Code  Gb  micro.o [1]
halCommonMemCopy        0x0800074d    0x4  Code  Gb  micro.o [1]
halCommonReadFromNvm    0x08001143   0xde  Code  Gb  nvm.o [1]
halCommonSeedRandom     0x08000709   0x18  Code  Gb  micro.o [1]
halCommonWriteToNvm     0x08001275  0x1cc  Code  Gb  nvm.o [1]
halDebugIsr             0x080006d3         Code  Wk  cstartup_M.o [1]
halFixedAddressTable    0x08040000   0x2c  Data  Gb  low_level_init.o [1]
halGpioConfig           0x080009c9   0x24  Code  Gb  micro-common.o [1]
halInit                 0x080006d5   0x22  Code  Gb  micro.o [1]
halInitButton           0x08000dc5   0x48  Code  Gb  button.o [1]
halInitLed              0x08000fb1   0x20  Code  Gb  led.o [1]
halInternalCalibrateFastRc
                        0x0800088f   0x22  Code  Gb  clocks.o [1]
halInternalCalibrateSlowRc
                        0x08000831   0x5e  Code  Gb  clocks.o [1]
halInternalFlashErase   0x08000e81   0x5a  Code  Gb  flash.o [1]
halInternalFlashWrite   0x08000edb   0x52  Code  Gb  flash.o [1]
halInternalGetMfgTokenData
                        0x080005ed   0x5c  Code  Gb  mfg-token.o [1]
halInternalInitAdc      0x08000301   0x4c  Code  Gb  adc.o [1]
halInternalSearchForBiasTrim
                        0x080008cb   0x44  Code  Gb  clocks.o [1]
halInternalSetRegTrim   0x080004c5   0x44  Code  Gb  micro-common-internal.o [1]
halInternalStartSystemTimer
                        0x080009ed   0x2e  Code  Gb  micro-common.o [1]
halInternalSwitchToXtal
                        0x0800090f   0x94  Code  Gb  clocks.o [1]
halIrqAIsr              0x080006d3         Code  Wk  cstartup_M.o [1]
halIrqBIsr              0x080006d3         Code  Wk  cstartup_M.o [1]
halIrqCIsr              0x080006d3         Code  Wk  cstartup_M.o [1]
halIrqDIsr              0x080006d3         Code  Wk  cstartup_M.o [1]
halManagementIsr        0x080006d3         Code  Wk  cstartup_M.o [1]
halPendSvIsr            0x08000e15         Code  Gb  context-switch.o [1]
halPendSvSaveContext    0x20000aa8         Data  Gb  context-switch.o [1]
halPowerUp              0x080006f7   0x12  Code  Gb  micro.o [1]
halSc1Isr               0x08000cb1   0x5a  Code  Gb  uart.o [1]
halSc2Isr               0x080006d3         Code  Wk  cstartup_M.o [1]
halSecurityIsr          0x080006d3         Code  Wk  cstartup_M.o [1]
halSleepTimerIsr        0x08002647    0xe  Code  Gb  system-timer.o [1]
halStackMacTimerIsr     0x080020f1   0x1a  Code  Gb  phy-library-min.o [6]
halTimer1Isr            0x080006d3         Code  Wk  cstartup_M.o [1]
halTimer2Isr            0x080006d3         Code  Wk  cstartup_M.o [1]
halToggleLed            0x08000feb   0x2c  Code  Gb  led.o [1]
halTriggerContextRestore
                        0x08000e4d         Code  Gb  context-switch.o [1]
indirectTransmit        0x080022f3   0x2a  Code  Gb  transmit.o [1]
indirectTxTick          0x080021e7   0x42  Code  Gb  transmit.o [1]
initNetworkState        0x08001581   0x64  Code  Gb  solar-system.o [1]
isDataPendingForShortId
                        0x0800242d   0x16  Code  Gb  transmit.o [1]
lastBackoff             0x20000a9c    0x2  Data  Gb  phy-common-min.o [6]
lastTxSfdTime           0x20000aa4    0x4  Data  Gb  phy-common-min.o [6]
lastVcoCalChannel       0x20000abd    0x1  Data  Lc  analogue-vco-min.o [6]
lastVcoValue            0x20000abe    0x1  Data  Lc  analogue-vco-min.o [6]
lnaForceReCal           0x20000ac2    0x2  Data  Gb  analogue-lna-min.o [6]
main                    0x08001d3d  0x102  Code  Gb  solar-system.o [1]
memchr                  0x08004451         Code  Gb  memchr.o [5]
memcmp                  0x08000ab9         Code  Gb  memcmp.o [5]
modDacForceReCal        0x20000ac4    0x2  Data  Gb  analogue-mod-dac-min.o [6]
networkJoinedStopSearching
                        0x20000013    0x1  Data  Gb  solar-system.o [1]
normalOrBoostTokSerialRegAddress
                        0x08000214    0xc  Data  Gb  analogue-cell-bias-min.o [6]
nullEui                 0x0800065c    0x8  Data  Lc  mfg-token.o [1]
nvmStorageLeft          0x0801f800  0x400  Data  Gb  nvm.o [1]
nvmStorageRight         0x0801fc00  0x400  Data  Gb  nvm.o [1]
out                     0x08000765   0x16  Code  Lc  xreportassert.o [3]
paPresent               0x2000007a    0x1  Data  Lc  analogue-min.o [6]
packetRxTime            0x20000750    0x4  Data  Gb  phy-min.o [6]
pad                     0x08003cb9   0x2e  Code  Lc  xprintfsmall.o [3]
planetTable             0x200009fc   0x78  Data  Gb  solar-system.o [1]
powerLevelSettings      0x08000108    0x8  Data  Gb  analogue-min.o [6]
previousTemperature     0x20000ac0    0x2  Data  Lc  phy-min.o [6]
printf                  0x08002601   0x24  Code  Gb  printf.o [3]
processRxAddressReceiveCompleteIsr
                        0x080035f1   0x9a  Code  Lc  phy-min.o [6]
processRxPacket         0x0800163d  0x4aa  Code  Gb  solar-system.o [1]
processRxPacketCompleteIsr
                        0x08003697  0x11e  Code  Lc  phy-min.o [6]
ptiEnabled              0x20000088    0x1  Data  Lc  phy-common-min.o [6]
putchar                 0x08000b1b   0x28  Code  Gb  putchar.o [3]
radioCheckCrc           0x20000086    0x1  Data  Gb  phy-common-min.o [6]
radioCurrentPowerStatus
                        0x2000008f    0x1  Data  Gb  phy-common-min.o [6]
radioPowerState         0x20000010    0x1  Data  Gb  solar-system.o [1]
radioTransmitConfig     0x20000008    0x8  Data  Gb  solar-system.o [1]
readAdcTemperatureChannel
                        0x080038db   0x22  Code  Lc  phy-min.o [6]
rxBuffer                0x20000754  0x114  Data  Lc  phy-min.o [6]
rxData                  0x20000868   0x8c  Data  Gb  solar-system.o [1]
rxHead                  0x20000a92    0x2  Data  Gb  uart.o [1]
rxQ                     0x2000097c   0x80  Data  Gb  uart.o [1]
rxTail                  0x20000a94    0x2  Data  Gb  uart.o [1]
rxUsed                  0x20000a96    0x2  Data  Gb  uart.o [1]
savedMSP                0x20000aac         Data  Gb  context-switch.o [1]
seed0                   0x20000002    0x2  Data  Lc  micro.o [1]
seed1                   0x20000004    0x2  Data  Lc  micro.o [1]
sendSync                0x08001c23   0x72  Code  Gb  solar-system.o [1]
sendVddDataPacket       0x08001c95   0x20  Code  Gb  solar-system.o [1]
setBiasCheckLow         0x080008b1   0x1a  Code  Lc  clocks.o [1]
setTxStepTime           0x080031c9   0x34  Code  Lc  analogue-min.o [6]
settime                 0x0800263b    0xc  Code  Gb  system-timer.o [1]
shift                   0x08000721   0x10  Code  Lc  micro.o [1]
shortAddrCounter        0x20000014    0x1  Data  Gb  solar-system.o [1]
sleepTimerInterruptOccurred
                        0x20000ac6    0x1  Data  Lc  system-timer.o [1]
stCalibrateVref         0x0800035d   0x5e  Code  Gb  micro-common-internal.o [1]
stGetEui64              0x080020ed         Code  Gb  phy-library-min.o [6]
stGetNodeId             0x0800308d    0x6  Code  Gb  phy-common-min.o [6]
stGetPanId              0x0800309d    0x6  Code  Gb  phy-common-min.o [6]
stGetTxPowerMode        0x080032a3    0x6  Code  Gb  analogue-min.o [6]
stMeasureVddFast        0x08000411   0x8e  Code  Gb  micro-common-internal.o [1]
stSetRadioPower         0x08003429   0xd8  Code  Gb  analogue-min.o [6]
stSetTxPowerMode        0x080031fd   0xa6  Code  Gb  analogue-min.o [6]
stmAesEncrypt           0x0800440d   0x2c  Code  Gb  aes-min.o [6]
stmChannelSettings      0x080000a8   0x40  Data  Gb  analogue-min.o [6]
stmDroppedAckStallWorkaround
                        0x08002c39   0x2c  Code  Gb  phy-common-min.o [6]
stmFetchInt32u          0x08004503   0x28  Code  Gb  misc-min.o [6]
stmGetKeyFromCore       0x0800437d   0x30  Code  Gb  aes-min.o [6]
stmGetMacTimer          0x08003867    0x6  Code  Gb  phy-min.o [6]
stmInitEui64            0x08003db5   0x18  Code  Gb  eui64-min.o [6]
stmLoadKeyIntoCore      0x08004351   0x2c  Code  Gb  aes-min.o [6]
stmLocalEui64           0x20000ab0    0x8  Data  Gb  eui64-min.o [6]
stmLocalNodeId          0x20000090    0x2  Data  Lc  phy-common-min.o [6]
stmLocalPanId           0x20000092    0x2  Data  Lc  phy-common-min.o [6]
stmLongIdDataPendingForDevice
                        0x080020dd    0x4  Code  Gb  phy-library-min.o [6]
stmMacAckNeeded         0x20000a98    0x1  Data  Gb  phy-common-min.o [6]
stmMfglibMode           0x20000a99    0x1  Data  Gb  phy-common-min.o [6]
stmMfglibTransmitComplete
                        0x20000a9a    0x1  Data  Gb  phy-common-min.o [6]
stmPacketReceivedInternalIsrCallback
                        0x08002119   0x4e  Code  Gb  phy-library-min.o [6]
stmPhySetCoordinator    0x08003075   0x18  Code  Gb  phy-common-min.o [6]
stmPhySetEui64          0x08003047   0x2e  Code  Gb  phy-common-min.o [6]
stmPowerLevel           0x080000e8   0x20  Data  Gb  analogue-min.o [6]
stmRadioBootPhySpecific
                        0x0800358d   0x64  Code  Gb  phy-min.o [6]
stmRadioCalibrateCellBias
                        0x08003dcd   0xc0  Code  Gb  analogue-cell-bias-min.o [6]
stmRadioCalibrateChannelFilter
                        0x080040b5   0x44  Code  Gb  analogue-filter-min.o [6]
stmRadioCalibrateLna    0x08004105  0x1e6  Code  Gb  analogue-lna-min.o [6]
stmRadioCalibrateModulationDac
                        0x08004069   0x32  Code  Gb  analogue-mod-dac-min.o [6]
stmRadioCalibrateVco    0x08003eaf   0x98  Code  Gb  analogue-vco-min.o [6]
stmRadioChannel         0x20000074    0x1  Data  Gb  analogue-min.o [6]
stmRadioEnableAddressMatching
                        0x08003017   0x18  Code  Gb  phy-common-min.o [6]
stmRadioEnableAutoAck   0x0800302f   0x18  Code  Gb  phy-common-min.o [6]
stmRadioEnableOverflowNotification
                        0x080030b3   0x18  Code  Gb  phy-common-min.o [6]
stmRadioEnablePacketTrace
                        0x080030e9   0x18  Code  Gb  phy-common-min.o [6]
stmRadioEnableSfdSentNotification
                        0x080030cb   0x1e  Code  Gb  phy-common-min.o [6]
stmRadioEnergyDetection
                        0x08002ffd   0x1a  Code  Gb  phy-common-min.o [6]
stmRadioGetPowerStatus  0x08002ff7    0x6  Code  Gb  phy-common-min.o [6]
stmRadioGetRandomNumbers
                        0x0800386d   0x66  Code  Gb  phy-min.o [6]
stmRadioInit            0x08002e57   0xde  Code  Gb  phy-common-min.o [6]
stmRadioOverflowCallbackEnabled
                        0x2000008d    0x1  Data  Lc  phy-common-min.o [6]
stmRadioPower           0x20000078    0x1  Data  Gb  analogue-min.o [6]
stmRadioReadSerialReg   0x0800317d    0xc  Code  Gb  analogue-min.o [6]
stmRadioReceiveCrcEnabled
                        0x080030ad    0x6  Code  Gb  phy-common-min.o [6]
stmRadioReceiveIsr      0x080037b5   0xb2  Code  Gb  phy-min.o [6]
stmRadioReceiverFrameStatus
                        0x20000746    0x2  Data  Gb  phy-min.o [6]
stmRadioReceiverGain    0x20000748    0x2  Data  Gb  phy-min.o [6]
stmRadioResetAndEnableReceive
                        0x08003555   0x38  Code  Gb  phy-min.o [6]
stmRadioSetChannel      0x080032a9  0x180  Code  Gb  analogue-min.o [6]
stmRadioSetEdCcaThreshold
                        0x08003101   0x12  Code  Gb  phy-common-min.o [6]
stmRadioSfdSentCallbackEnabled
                        0x2000008e    0x1  Data  Lc  phy-common-min.o [6]
stmRadioSleep           0x08002f35   0x6a  Code  Gb  phy-common-min.o [6]
stmRadioTransmit        0x08002ca9   0xa4  Code  Gb  phy-common-min.o [6]
stmRadioTransmitCompleteCallback
                        0x080020c3    0x4  Code  Gb  phy-library-min.o [6]
stmRadioTransmitIsr     0x08002d4d  0x10a  Code  Gb  phy-common-min.o [6]
stmRadioTxPowerMode     0x20000084    0x2  Data  Gb  analogue-min.o [6]
stmRadioUnpackChipErrors
                        0x08002c65    0xe  Code  Gb  phy-common-min.o [6]
stmRadioWakeUp          0x08002f9f   0x58  Code  Gb  phy-common-min.o [6]
stmRadioWriteSerialReg  0x08003189   0x22  Code  Gb  analogue-min.o [6]
stmRxCRCFail            0x20000744    0x2  Data  Gb  phy-min.o [6]
stmRxPacket             0x2000074a    0x2  Data  Gb  phy-min.o [6]
stmSetNodeId            0x08003093    0xa  Code  Gb  phy-common-min.o [6]
stmSetPanId             0x080030a3    0xa  Code  Gb  phy-common-min.o [6]
stmStandAloneEncryptBlock
                        0x080043ad   0x46  Code  Gb  aes-min.o [6]
stmStoreInt32u          0x080044e7   0x1c  Code  Gb  misc-min.o [6]
stmTxStepTimeAltRfPath  0x20000079    0x1  Data  Gb  analogue-min.o [6]
stmVcoAutoTuneEnabled   0x20000075    0x1  Data  Gb  analogue-min.o [6]
strchr                  0x08004439         Code  Gb  strchr.o [5]
strlen                  0x080044a9         Code  Gb  strlen.o [5]
timeoffset              0x20000040    0x8  Data  Gb  solar-system.o [1]
transmitIndirectPacketNow
                        0x080022b3    0x8  Code  Gb  transmit.o [1]
txDirectQ               0x20000498  0x2a8  Data  Gb  transmit.o [1]
txDirectQHead           0x2000005c    0x1  Data  Gb  transmit.o [1]
txDirectQTail           0x2000005d    0x1  Data  Gb  transmit.o [1]
txIndirectQ             0x200008f4   0x88  Data  Gb  transmit.o [1]
txPacket                0x20000068    0x4  Data  Gb  transmit.o [1]
txPacketAttemptsLeft    0x2000005e    0x1  Data  Gb  transmit.o [1]
txPacketDroppedNotifcation
                        0x20000070    0x4  Data  Gb  transmit.o [1]
txPacketInFlight        0x2000005f    0x1  Data  Gb  transmit.o [1]
txPacketInUse           0x20000064    0x4  Data  Gb  transmit.o [1]
txPacketIsDirect        0x20000060    0x1  Data  Gb  transmit.o [1]
txPacketSfd             0x2000006c    0x4  Data  Gb  transmit.o [1]
txTick                  0x08002293   0x20  Code  Gb  transmit.o [1]
uartInit                0x08000b7d   0xa0  Code  Gb  uart.o [1]
vcoLastTuneValueAvailable
                        0x20000abc    0x1  Data  Gb  analogue-vco-min.o [6]
vcoTuneModDacError      0x08003f73   0x42  Code  Lc  analogue-mod-dac-min.o [6]
verifyFib               0x08000e5d   0x24  Code  Lc  flash.o [1]


[1] = F:\Project-related\STM32W108\myCode\ÊµÑé4 16µã×éÍø\¹¤³ÌÔ´´úÂë\simplemac\demos\sample\MB851_SUN\Obj
[2] = command line
[3] = dl7M_tln.a
[4] = m7M_tl.a
[5] = rt7M_tl.a
[6] = simplemac-library.a

  17 292 bytes of readonly  code memory
     690 bytes of readonly  data memory
   4 847 bytes of readwrite data memory

Errors: none
Warnings: none
